2026-09-25 22:48:31 KST | === e3.py ['e3.py', '--setting', 'e1', '--stage', 'all', '--out', '/home/sanghoon/Desktop/Workspace/LoRA/artifacts/e3_baselines/pilot_e1', '--mem-frac', '0.22']
2026-09-25 22:50:43 KST | cola-sst2: TA=0.9414(lam 1.3) TIES=0.9412 DARE_TA=0.9439 DARE_TIES=0.9177 TSVM=0.9435 KNOTS=0.9681 PICO_TA=0.9560 GATE=0.9414 PICO_TIES=0.9457 SOFTGATE=0.9512 [130s]
2026-09-25 22:53:33 KST | cola-mrpc: TA=0.9372(lam 0.7) TIES=0.9375 DARE_TA=0.9486 DARE_TIES=0.9364 TSVM=0.9452 KNOTS=0.9358 PICO_TA=0.9463 GATE=0.9372 PICO_TIES=0.9452 SOFTGATE=0.9372 [170s]
2026-09-25 23:02:03 KST | cola-qqp: TA=0.9338(lam 0.85) TIES=0.9325 DARE_TA=0.9390 DARE_TIES=0.9191 TSVM=0.9368 KNOTS=0.9337 PICO_TA=0.9447 GATE=0.9338 PICO_TIES=0.9406 SOFTGATE=0.9367 [510s]
2026-09-25 23:06:28 KST | cola-mnli: TA=0.9295(lam 0.85) TIES=0.9104 DARE_TA=0.9141 DARE_TIES=0.8837 TSVM=0.9207 KNOTS=0.9268 PICO_TA=0.9331 GATE=0.9295 PICO_TIES=0.9159 SOFTGATE=0.9218 [265s]
2026-09-25 23:10:27 KST | cola-qnli: TA=0.9613(lam 1.0) TIES=0.9385 DARE_TA=0.9533 DARE_TIES=0.9454 TSVM=0.9669 KNOTS=0.9688 PICO_TA=0.9737 GATE=0.9613 PICO_TIES=0.9630 SOFTGATE=0.9613 [239s]
2026-09-25 23:13:38 KST | cola-rte: TA=0.9485(lam 1.15) TIES=0.9467 DARE_TA=0.9591 DARE_TIES=0.9643 TSVM=0.9654 KNOTS=0.9636 PICO_TA=0.9603 GATE=0.9485 PICO_TIES=0.9733 SOFTGATE=0.9595 [190s]
2026-09-25 23:16:35 KST | sst2-mrpc: TA=0.9613(lam 0.85) TIES=0.9583 DARE_TA=0.9616 DARE_TIES=0.9568 TSVM=0.9636 KNOTS=0.9619 PICO_TA=0.9697 GATE=0.9613 PICO_TIES=0.9647 SOFTGATE=0.9565 [177s]
2026-09-25 23:25:11 KST | sst2-qqp: TA=0.9783(lam 0.85) TIES=0.9725 DARE_TA=0.9647 DARE_TIES=0.9474 TSVM=0.9752 KNOTS=0.9749 PICO_TA=0.9772 GATE=0.9783 PICO_TIES=0.9722 SOFTGATE=0.9716 [516s]
2026-09-25 23:29:39 KST | sst2-mnli: TA=0.9743(lam 0.85) TIES=0.9619 DARE_TA=0.9552 DARE_TIES=0.9365 TSVM=0.9728 KNOTS=0.9684 PICO_TA=0.9734 GATE=0.9743 PICO_TIES=0.9557 SOFTGATE=0.9741 [268s]
2026-09-25 23:33:44 KST | sst2-qnli: TA=0.9873(lam 1.0) TIES=0.9865 DARE_TA=0.9749 DARE_TIES=0.9819 TSVM=0.9850 KNOTS=0.9865 PICO_TA=0.9823 GATE=0.9873 PICO_TIES=0.9824 SOFTGATE=0.9873 [245s]
2026-09-25 23:36:59 KST | sst2-rte: TA=0.9876(lam 0.7) TIES=0.9546 DARE_TA=0.9769 DARE_TIES=0.9639 TSVM=0.9794 KNOTS=0.9746 PICO_TA=0.9847 GATE=0.9876 PICO_TIES=0.9836 SOFTGATE=0.9876 [195s]
2026-09-25 23:45:50 KST | mrpc-qqp: TA=0.9259(lam 0.5) TIES=0.8231 DARE_TA=0.9228 DARE_TIES=0.8258 TSVM=0.9152 KNOTS=0.8517 PICO_TA=0.9235 GATE=0.9259 PICO_TIES=0.9031 SOFTGATE=0.8213 [531s]
2026-09-25 23:50:52 KST | mrpc-mnli: TA=0.9497(lam 0.7) TIES=0.9290 DARE_TA=0.9370 DARE_TIES=0.9264 TSVM=0.9534 KNOTS=0.9450 PICO_TA=0.9399 GATE=0.9497 PICO_TIES=0.9299 SOFTGATE=0.9497 [302s]
2026-09-25 23:55:48 KST | mrpc-qnli: TA=0.9582(lam 0.85) TIES=0.9520 DARE_TA=0.9525 DARE_TIES=0.9433 TSVM=0.9524 KNOTS=0.9563 PICO_TA=0.9660 GATE=0.9582 PICO_TIES=0.9640 SOFTGATE=0.9556 [296s]
2026-09-25 23:59:48 KST | mrpc-rte: TA=0.9244(lam 0.7) TIES=0.9152 DARE_TA=0.9273 DARE_TIES=0.9361 TSVM=0.9157 KNOTS=0.9098 PICO_TA=0.9241 GATE=0.9244 PICO_TIES=0.9259 SOFTGATE=0.9244 [240s]
2026-09-26 00:09:32 KST | qqp-mnli: TA=0.9360(lam 0.7) TIES=0.9248 DARE_TA=0.9146 DARE_TIES=0.9073 TSVM=0.9389 KNOTS=0.9286 PICO_TA=0.9347 GATE=0.9360 PICO_TIES=0.9237 SOFTGATE=0.9360 [584s]
2026-09-26 00:19:37 KST | qqp-qnli: TA=0.8433(lam 0.5) TIES=0.8341 DARE_TA=0.8265 DARE_TIES=0.8102 TSVM=0.8537 KNOTS=0.8308 PICO_TA=0.8499 GATE=0.8433 PICO_TIES=0.8546 SOFTGATE=0.8113 [605s]
2026-09-26 00:24:55 KST | qqp-rte: TA=0.9588(lam 0.7) TIES=0.9496 DARE_TA=0.9438 DARE_TIES=0.9150 TSVM=0.9546 KNOTS=0.9484 PICO_TA=0.9646 GATE=0.9588 PICO_TIES=0.9392 SOFTGATE=0.9588 [318s]
2026-09-26 00:27:42 KST | mnli-qnli: TA=0.8546(lam 0.5) TIES=0.8039 DARE_TA=0.8211 DARE_TIES=0.7900 TSVM=0.8585 KNOTS=0.7866 PICO_TA=0.8607 GATE=0.8546 PICO_TIES=0.8260 SOFTGATE=0.8340 [167s]
2026-09-26 00:30:03 KST | mnli-rte: TA=1.0478(lam 1.0) TIES=0.9849 DARE_TA=1.0228 DARE_TIES=0.9689 TSVM=1.0477 KNOTS=1.0470 PICO_TA=1.0385 GATE=1.0478 PICO_TIES=1.0148 SOFTGATE=1.0478 [140s]
2026-09-26 00:32:19 KST | qnli-rte: TA=0.9567(lam 0.85) TIES=0.9410 DARE_TA=0.9673 DARE_TIES=0.9420 TSVM=0.9798 KNOTS=0.9581 PICO_TA=0.9716 GATE=0.9567 PICO_TIES=0.9986 SOFTGATE=0.9411 [136s]
2026-09-26 00:32:19 KST | run done
2026-09-26 00:32:19 KST | analysis: {"TIES": -1.893, "DARE_TA": -0.805, "DARE_TIES": -2.751, "TSVM": 0.136, "KNOTS": -0.812, "PICO_TA": 0.375, "GATE": 0.0, "PICO_TIES": -0.352, "SOFTGATE": -0.815, "TA4_E1grid": -0.067, "PICO_TA_c1": -0.764}
