2026-09-26 00:39:05 KST | === e3.py ['e3.py', '--setting', 'e1b', '--stage', 'all', '--out', '/home/sanghoon/Desktop/Workspace/LoRA/artifacts/e3_baselines/e1b_run', '--mem-frac', '0.8']
Loading weights:   0%|          | 0/199 [00:00<?, ?it/s]Loading weights: 100%|██████████| 199/199 [00:00<00:00, 14481.18it/s]
[transformers] [1mBertModel LOAD REPORT[0m from: bert-base-uncased
Key                                        | Status     |  | 
-------------------------------------------+------------+--+-
cls.predictions.transform.dense.weight     | UNEXPECTED |  | 
cls.seq_relationship.bias                  | UNEXPECTED |  | 
cls.predictions.transform.dense.bias       | UNEXPECTED |  | 
cls.predictions.bias                       | UNEXPECTED |  | 
cls.predictions.transform.LayerNorm.weight | UNEXPECTED |  | 
cls.seq_relationship.weight                | UNEXPECTED |  | 
cls.predictions.transform.LayerNorm.bias   | UNEXPECTED |  | 

Notes:
- UNEXPECTED:	can be ignored when loading from different task/architecture; not ok if you expect identical arch.
2026-09-26 00:40:07 KST | cola-sst2: TA=0.9370(lam 0.7) TIES=0.9264 DARE_TA=0.9341 DARE_TIES=0.9236 TSVM=0.9432 KNOTS=0.9344 PICO_TA=0.9374 GATE=0.9370 FORCEGATE=0.9374 PICO_TIES=0.9182 SOFTGATE=0.9363 [58s]
2026-09-26 00:41:35 KST | cola-mrpc: TA=0.9565(lam 0.85) TIES=0.9386 DARE_TA=0.9407 DARE_TIES=0.8950 TSVM=0.9139 KNOTS=0.9449 PICO_TA=0.9539 GATE=0.9565 FORCEGATE=0.9508 PICO_TIES=0.9245 SOFTGATE=0.9269 [88s]
2026-09-26 00:42:51 KST | cola-stsb: TA=0.9713(lam 0.6) TIES=0.9579 DARE_TA=0.9655 DARE_TIES=0.9683 TSVM=0.9705 KNOTS=0.9710 PICO_TA=0.9730 GATE=0.9713 FORCEGATE=0.9691 PICO_TIES=0.9602 SOFTGATE=0.9691 [76s]
2026-09-26 00:45:11 KST | cola-mnli: TA=0.9111(lam 0.85) TIES=0.9205 DARE_TA=0.8768 DARE_TIES=0.8448 TSVM=0.9031 KNOTS=0.9104 PICO_TA=0.9121 GATE=0.9111 FORCEGATE=0.9061 PICO_TIES=0.8842 SOFTGATE=0.9004 [139s]
2026-09-26 00:47:17 KST | cola-qnli: TA=0.9524(lam 0.7) TIES=0.9477 DARE_TA=0.9502 DARE_TIES=0.9165 TSVM=0.9495 KNOTS=0.9523 PICO_TA=0.9518 GATE=0.9524 FORCEGATE=0.9526 PICO_TIES=0.9442 SOFTGATE=0.9527 [126s]
2026-09-26 00:48:56 KST | cola-rte: TA=0.9660(lam 0.7) TIES=0.9704 DARE_TA=0.9580 DARE_TIES=0.9586 TSVM=0.9676 KNOTS=0.9547 PICO_TA=0.9625 GATE=0.9660 FORCEGATE=0.9666 PICO_TIES=0.9669 SOFTGATE=0.9660 [99s]
2026-09-26 00:49:58 KST | cola-wic: TA=0.9618(lam 0.7) TIES=0.9371 DARE_TA=0.9500 DARE_TIES=0.9490 TSVM=0.9670 KNOTS=0.9574 PICO_TA=0.9595 GATE=0.9618 FORCEGATE=0.9578 PICO_TIES=0.9465 SOFTGATE=0.9618 [62s]
2026-09-26 00:51:40 KST | cola-snli: TA=0.9341(lam 0.85) TIES=0.9272 DARE_TA=0.9395 DARE_TIES=0.9172 TSVM=0.9439 KNOTS=0.9389 PICO_TA=0.9365 GATE=0.9341 FORCEGATE=0.9301 PICO_TIES=0.9185 SOFTGATE=0.9447 [102s]
2026-09-26 00:53:08 KST | cola-scitail: TA=0.9658(lam 1.0) TIES=0.9390 DARE_TA=0.9536 DARE_TIES=0.9757 TSVM=0.9609 KNOTS=0.9728 PICO_TA=0.9753 GATE=0.9658 FORCEGATE=0.9652 PICO_TIES=0.9498 SOFTGATE=0.9648 [88s]
2026-09-26 00:55:34 KST | cola-ag_news: TA=0.9540(lam 0.85) TIES=0.9497 DARE_TA=0.9564 DARE_TIES=0.9449 TSVM=0.9459 KNOTS=0.9591 PICO_TA=0.9541 GATE=0.9540 FORCEGATE=0.9538 PICO_TIES=0.9487 SOFTGATE=0.9462 [146s]
2026-09-26 01:00:49 KST | cola-imdb: TA=0.9201(lam 1.0) TIES=0.9365 DARE_TA=0.9269 DARE_TIES=0.9274 TSVM=0.9279 KNOTS=0.9248 PICO_TA=0.9220 GATE=0.9201 FORCEGATE=0.8884 PICO_TIES=0.9277 SOFTGATE=0.9155 [315s]
2026-09-26 01:01:41 KST | cola-trec: TA=0.9638(lam 0.7) TIES=0.9613 DARE_TA=0.9565 DARE_TIES=0.9624 TSVM=0.9622 KNOTS=0.9571 PICO_TA=0.9640 GATE=0.9638 FORCEGATE=0.9572 PICO_TIES=0.9599 SOFTGATE=0.9613 [52s]
2026-09-26 01:06:06 KST | cola-yelp_polarity: TA=0.9354(lam 0.7) TIES=0.9247 DARE_TA=0.9354 DARE_TIES=0.9364 TSVM=0.9473 KNOTS=0.9470 PICO_TA=0.9442 GATE=0.9354 FORCEGATE=0.9433 PICO_TIES=0.9273 SOFTGATE=0.9464 [265s]
2026-09-26 01:07:39 KST | sst2-mrpc: TA=0.9853(lam 0.7) TIES=0.9549 DARE_TA=0.9512 DARE_TIES=0.9566 TSVM=0.9772 KNOTS=0.9741 PICO_TA=0.9937 GATE=0.9853 FORCEGATE=0.9821 PICO_TIES=0.9646 SOFTGATE=0.9828 [93s]
2026-09-26 01:09:00 KST | sst2-stsb: TA=0.9828(lam 0.4) TIES=0.9609 DARE_TA=0.9696 DARE_TIES=0.9460 TSVM=0.9794 KNOTS=0.9755 PICO_TA=0.9869 GATE=0.9828 FORCEGATE=0.9764 PICO_TIES=0.9800 SOFTGATE=0.9324 [81s]
2026-09-26 01:11:23 KST | sst2-mnli: TA=0.9417(lam 0.6) TIES=0.9226 DARE_TA=0.9126 DARE_TIES=0.9158 TSVM=0.9375 KNOTS=0.9323 PICO_TA=0.9398 GATE=0.9417 FORCEGATE=0.9375 PICO_TIES=0.9080 SOFTGATE=0.9365 [143s]
2026-09-26 01:13:37 KST | sst2-qnli: TA=0.9786(lam 0.6) TIES=0.9462 DARE_TA=0.9591 DARE_TIES=0.9461 TSVM=0.9660 KNOTS=0.9724 PICO_TA=0.9776 GATE=0.9786 FORCEGATE=0.9785 PICO_TIES=0.9464 SOFTGATE=0.9657 [133s]
2026-09-26 01:15:21 KST | sst2-rte: TA=0.9582(lam 0.6) TIES=0.9023 DARE_TA=0.9494 DARE_TIES=0.9263 TSVM=0.9473 KNOTS=0.9572 PICO_TA=0.9728 GATE=0.9582 FORCEGATE=0.9441 PICO_TIES=0.9326 SOFTGATE=0.9313 [104s]
2026-09-26 01:16:27 KST | sst2-wic: TA=0.9557(lam 0.6) TIES=0.9366 DARE_TA=0.9540 DARE_TIES=0.9297 TSVM=0.9511 KNOTS=0.9555 PICO_TA=0.9603 GATE=0.9557 FORCEGATE=0.9536 PICO_TIES=0.9458 SOFTGATE=0.9499 [66s]
2026-09-26 01:18:14 KST | sst2-snli: TA=0.9653(lam 0.6) TIES=0.9076 DARE_TA=0.9248 DARE_TIES=0.9201 TSVM=0.9638 KNOTS=0.9553 PICO_TA=0.9644 GATE=0.9653 FORCEGATE=0.9616 PICO_TIES=0.9273 SOFTGATE=0.9555 [107s]
2026-09-26 01:19:47 KST | sst2-scitail: TA=0.9685(lam 0.6) TIES=0.9659 DARE_TA=0.9389 DARE_TIES=0.9642 TSVM=0.9714 KNOTS=0.9807 PICO_TA=0.9778 GATE=0.9685 FORCEGATE=0.9597 PICO_TIES=0.9682 SOFTGATE=0.9655 [93s]
2026-09-26 01:22:09 KST | sst2-ag_news: TA=0.9759(lam 0.7) TIES=0.9638 DARE_TA=0.9636 DARE_TIES=0.9462 TSVM=0.9780 KNOTS=0.9686 PICO_TA=0.9802 GATE=0.9759 FORCEGATE=0.9768 PICO_TIES=0.9590 SOFTGATE=0.9791 [142s]
2026-09-26 01:27:15 KST | sst2-imdb: TA=0.9858(lam 0.7) TIES=0.9819 DARE_TA=0.9897 DARE_TIES=0.9854 TSVM=0.9902 KNOTS=0.9859 PICO_TA=0.9867 GATE=0.9858 FORCEGATE=0.9892 PICO_TIES=0.9871 SOFTGATE=0.9852 [306s]
2026-09-26 01:28:11 KST | sst2-trec: TA=0.9850(lam 0.7) TIES=0.9689 DARE_TA=0.9716 DARE_TIES=0.9554 TSVM=0.9875 KNOTS=0.9811 PICO_TA=0.9821 GATE=0.9850 FORCEGATE=0.9801 PICO_TIES=0.9659 SOFTGATE=0.9938 [56s]
2026-09-26 01:32:40 KST | sst2-yelp_polarity: TA=0.9906(lam 0.5) TIES=0.9812 DARE_TA=0.9871 DARE_TIES=0.9763 TSVM=0.9875 KNOTS=0.9857 PICO_TA=0.9902 GATE=0.9906 FORCEGATE=0.9903 PICO_TIES=0.9836 SOFTGATE=0.9877 [269s]
2026-09-26 01:34:31 KST | mrpc-stsb: TA=0.9597(lam 0.7) TIES=0.9548 DARE_TA=0.9630 DARE_TIES=0.9389 TSVM=0.9565 KNOTS=0.9532 PICO_TA=0.9596 GATE=0.9597 FORCEGATE=0.9610 PICO_TIES=0.9443 SOFTGATE=0.9647 [110s]
2026-09-26 01:37:26 KST | mrpc-mnli: TA=0.9195(lam 0.6) TIES=0.9148 DARE_TA=0.9260 DARE_TIES=0.9230 TSVM=0.9204 KNOTS=0.9383 PICO_TA=0.9382 GATE=0.9195 FORCEGATE=0.9397 PICO_TIES=0.9308 SOFTGATE=0.8958 [175s]
2026-09-26 01:40:10 KST | mrpc-qnli: TA=0.9501(lam 0.6) TIES=0.9455 DARE_TA=0.9365 DARE_TIES=0.9501 TSVM=0.9461 KNOTS=0.9586 PICO_TA=0.9482 GATE=0.9501 FORCEGATE=0.9476 PICO_TIES=0.9417 SOFTGATE=0.9496 [165s]
2026-09-26 01:42:25 KST | mrpc-rte: TA=0.9219(lam 0.5) TIES=0.9020 DARE_TA=0.9109 DARE_TIES=0.9228 TSVM=0.9287 KNOTS=0.9274 PICO_TA=0.9178 GATE=0.9219 FORCEGATE=0.9318 PICO_TIES=0.9011 SOFTGATE=0.9038 [135s]
2026-09-26 01:44:03 KST | mrpc-wic: TA=0.9068(lam 0.85) TIES=0.9109 DARE_TA=0.9161 DARE_TIES=0.9222 TSVM=0.9082 KNOTS=0.9000 PICO_TA=0.9092 GATE=0.9068 FORCEGATE=0.9161 PICO_TIES=0.9098 SOFTGATE=0.9124 [98s]
2026-09-26 01:46:21 KST | mrpc-snli: TA=0.9370(lam 0.6) TIES=0.9240 DARE_TA=0.9228 DARE_TIES=0.9423 TSVM=0.9372 KNOTS=0.9269 PICO_TA=0.9321 GATE=0.9370 FORCEGATE=0.9387 PICO_TIES=0.9199 SOFTGATE=0.9062 [138s]
2026-09-26 01:48:24 KST | mrpc-scitail: TA=0.9675(lam 0.7) TIES=0.9564 DARE_TA=0.9554 DARE_TIES=0.9511 TSVM=0.9663 KNOTS=0.9511 PICO_TA=0.9624 GATE=0.9675 FORCEGATE=0.9523 PICO_TIES=0.9544 SOFTGATE=0.9673 [123s]
2026-09-26 01:51:26 KST | mrpc-ag_news: TA=0.9294(lam 0.6) TIES=0.8910 DARE_TA=0.9006 DARE_TIES=0.8996 TSVM=0.9286 KNOTS=0.9179 PICO_TA=0.9313 GATE=0.9294 FORCEGATE=0.9326 PICO_TIES=0.8660 SOFTGATE=0.9330 [182s]
2026-09-26 01:57:30 KST | mrpc-imdb: TA=0.9789(lam 0.85) TIES=0.9738 DARE_TA=0.9598 DARE_TIES=0.9788 TSVM=0.9697 KNOTS=0.9689 PICO_TA=0.9729 GATE=0.9789 FORCEGATE=0.9768 PICO_TIES=0.9846 SOFTGATE=0.9517 [364s]
2026-09-26 01:58:58 KST | mrpc-trec: TA=1.0006(lam 1.0) TIES=0.9738 DARE_TA=0.9802 DARE_TIES=0.9833 TSVM=1.0008 KNOTS=0.9919 PICO_TA=0.9977 GATE=1.0006 FORCEGATE=1.0066 PICO_TIES=0.9837 SOFTGATE=0.9987 [88s]
2026-09-26 02:03:49 KST | mrpc-yelp_polarity: TA=0.9694(lam 0.7) TIES=0.9543 DARE_TA=0.9528 DARE_TIES=0.9537 TSVM=0.9755 KNOTS=0.9640 PICO_TA=0.9746 GATE=0.9694 FORCEGATE=0.9746 PICO_TIES=0.9659 SOFTGATE=0.9693 [291s]
2026-09-26 02:06:27 KST | stsb-mnli: TA=0.9243(lam 0.7) TIES=0.9218 DARE_TA=0.9140 DARE_TIES=0.9003 TSVM=0.9285 KNOTS=0.9227 PICO_TA=0.9275 GATE=0.9243 FORCEGATE=0.9231 PICO_TIES=0.9166 SOFTGATE=0.9247 [158s]
2026-09-26 02:08:56 KST | stsb-qnli: TA=0.9604(lam 0.6) TIES=0.9500 DARE_TA=0.9556 DARE_TIES=0.9432 TSVM=0.9592 KNOTS=0.9528 PICO_TA=0.9600 GATE=0.9604 FORCEGATE=0.9577 PICO_TIES=0.9486 SOFTGATE=0.9576 [148s]
2026-09-26 02:10:58 KST | stsb-rte: TA=0.9649(lam 0.85) TIES=0.9391 DARE_TA=0.9683 DARE_TIES=0.9640 TSVM=0.9593 KNOTS=0.9602 PICO_TA=0.9656 GATE=0.9649 FORCEGATE=0.9723 PICO_TIES=0.9540 SOFTGATE=0.9713 [123s]
2026-09-26 02:12:23 KST | stsb-wic: TA=0.9776(lam 0.6) TIES=0.9796 DARE_TA=0.9781 DARE_TIES=0.9641 TSVM=0.9864 KNOTS=0.9780 PICO_TA=0.9792 GATE=0.9776 FORCEGATE=0.9730 PICO_TIES=0.9778 SOFTGATE=0.9815 [85s]
2026-09-26 02:14:29 KST | stsb-snli: TA=0.9378(lam 0.6) TIES=0.9322 DARE_TA=0.9334 DARE_TIES=0.9334 TSVM=0.9334 KNOTS=0.9363 PICO_TA=0.9370 GATE=0.9378 FORCEGATE=0.9396 PICO_TIES=0.9314 SOFTGATE=0.9310 [126s]
2026-09-26 02:16:20 KST | stsb-scitail: TA=0.9940(lam 0.6) TIES=0.9862 DARE_TA=0.9796 DARE_TIES=0.9780 TSVM=0.9953 KNOTS=0.9883 PICO_TA=0.9941 GATE=0.9940 FORCEGATE=0.9899 PICO_TIES=0.9796 SOFTGATE=0.9880 [111s]
2026-09-26 02:19:05 KST | stsb-ag_news: TA=0.9692(lam 0.5) TIES=0.9525 DARE_TA=0.9609 DARE_TIES=0.9494 TSVM=0.9680 KNOTS=0.9636 PICO_TA=0.9698 GATE=0.9692 FORCEGATE=0.9700 PICO_TIES=0.9584 SOFTGATE=0.9602 [165s]
2026-09-26 02:24:29 KST | stsb-imdb: TA=0.9968(lam 0.7) TIES=0.9897 DARE_TA=0.9903 DARE_TIES=0.9902 TSVM=0.9969 KNOTS=0.9941 PICO_TA=0.9975 GATE=0.9968 FORCEGATE=0.9971 PICO_TIES=0.9907 SOFTGATE=0.9969 [324s]
2026-09-26 02:25:44 KST | stsb-trec: TA=0.9441(lam 0.6) TIES=0.9091 DARE_TA=0.9259 DARE_TIES=0.9226 TSVM=0.9305 KNOTS=0.9158 PICO_TA=0.9462 GATE=0.9441 FORCEGATE=0.9364 PICO_TIES=0.9308 SOFTGATE=0.9350 [75s]
2026-09-26 02:30:32 KST | stsb-yelp_polarity: TA=0.9795(lam 0.5) TIES=0.9645 DARE_TA=0.9769 DARE_TIES=0.9484 TSVM=0.9781 KNOTS=0.9812 PICO_TA=0.9821 GATE=0.9795 FORCEGATE=0.9796 PICO_TIES=0.9655 SOFTGATE=0.9421 [287s]
2026-09-26 02:34:07 KST | mnli-qnli: TA=0.8326(lam 0.4) TIES=0.8107 DARE_TA=0.8105 DARE_TIES=0.7755 TSVM=0.8565 KNOTS=0.8131 PICO_TA=0.8416 GATE=0.8326 FORCEGATE=0.8319 PICO_TIES=0.8136 SOFTGATE=0.7595 [215s]
2026-09-26 02:37:09 KST | mnli-rte: TA=1.0420(lam 0.7) TIES=1.0322 DARE_TA=1.0140 DARE_TIES=0.9993 TSVM=1.0446 KNOTS=1.0326 PICO_TA=1.0469 GATE=1.0420 FORCEGATE=1.0423 PICO_TIES=1.0130 SOFTGATE=1.0421 [182s]
2026-09-26 02:39:38 KST | mnli-wic: TA=0.8947(lam 0.85) TIES=0.8986 DARE_TA=0.8738 DARE_TIES=0.8559 TSVM=0.8734 KNOTS=0.9048 PICO_TA=0.8992 GATE=0.8947 FORCEGATE=0.8950 PICO_TIES=0.8893 SOFTGATE=0.8989 [148s]
2026-09-26 02:42:47 KST | mnli-snli: TA=0.9429(lam 0.6) TIES=0.9315 DARE_TA=0.9437 DARE_TIES=0.9263 TSVM=0.9336 KNOTS=0.9462 PICO_TA=0.9503 GATE=0.9429 FORCEGATE=0.9403 PICO_TIES=0.9412 SOFTGATE=0.9272 [189s]
2026-09-26 02:45:37 KST | mnli-scitail: TA=0.9039(lam 0.5) TIES=0.8851 DARE_TA=0.8895 DARE_TIES=0.8314 TSVM=0.8937 KNOTS=0.8957 PICO_TA=0.9096 GATE=0.9039 FORCEGATE=0.9101 PICO_TIES=0.9022 SOFTGATE=0.8256 [170s]
2026-09-26 02:49:30 KST | mnli-ag_news: TA=0.9376(lam 0.85) TIES=0.8618 DARE_TA=0.8729 DARE_TIES=0.7849 TSVM=0.9278 KNOTS=0.9218 PICO_TA=0.9373 GATE=0.9376 FORCEGATE=0.9375 PICO_TIES=0.8405 SOFTGATE=0.9268 [233s]
2026-09-26 02:56:24 KST | mnli-imdb: TA=0.9555(lam 0.85) TIES=0.9392 DARE_TA=0.9262 DARE_TIES=0.8843 TSVM=0.9505 KNOTS=0.9446 PICO_TA=0.9585 GATE=0.9555 FORCEGATE=0.9555 PICO_TIES=0.9188 SOFTGATE=0.9525 [414s]
2026-09-26 02:58:43 KST | mnli-trec: TA=0.8724(lam 0.85) TIES=0.7002 DARE_TA=0.7414 DARE_TIES=0.6067 TSVM=0.8726 KNOTS=0.8512 PICO_TA=0.8976 GATE=0.8724 FORCEGATE=0.8693 PICO_TIES=0.6826 SOFTGATE=0.8608 [139s]
2026-09-26 03:04:31 KST | mnli-yelp_polarity: TA=0.9389(lam 0.7) TIES=0.9387 DARE_TA=0.9044 DARE_TIES=0.8946 TSVM=0.9360 KNOTS=0.9405 PICO_TA=0.9380 GATE=0.9389 FORCEGATE=0.9397 PICO_TIES=0.9105 SOFTGATE=0.9392 [348s]
2026-09-26 03:07:27 KST | qnli-rte: TA=0.9382(lam 0.4) TIES=0.9554 DARE_TA=0.9459 DARE_TIES=0.9357 TSVM=0.9496 KNOTS=0.9607 PICO_TA=0.9285 GATE=0.9382 FORCEGATE=0.9361 PICO_TIES=0.9548 SOFTGATE=0.8933 [176s]
2026-09-26 03:09:42 KST | qnli-wic: TA=0.9212(lam 0.7) TIES=0.9269 DARE_TA=0.9136 DARE_TIES=0.8974 TSVM=0.9074 KNOTS=0.9249 PICO_TA=0.9220 GATE=0.9212 FORCEGATE=0.9238 PICO_TIES=0.9157 SOFTGATE=0.9228 [135s]
2026-09-26 03:12:35 KST | qnli-snli: TA=0.9320(lam 0.5) TIES=0.9155 DARE_TA=0.9276 DARE_TIES=0.9209 TSVM=0.9379 KNOTS=0.9347 PICO_TA=0.9290 GATE=0.9320 FORCEGATE=0.9334 PICO_TIES=0.9360 SOFTGATE=0.8653 [173s]
2026-09-26 03:15:16 KST | qnli-scitail: TA=0.9569(lam 0.5) TIES=0.9382 DARE_TA=0.9512 DARE_TIES=0.9400 TSVM=0.9620 KNOTS=0.9604 PICO_TA=0.9625 GATE=0.9569 FORCEGATE=0.9614 PICO_TIES=0.9637 SOFTGATE=0.8686 [161s]
2026-09-26 03:18:59 KST | qnli-ag_news: TA=0.9429(lam 0.85) TIES=0.9182 DARE_TA=0.9084 DARE_TIES=0.8749 TSVM=0.9357 KNOTS=0.9213 PICO_TA=0.9457 GATE=0.9429 FORCEGATE=0.9421 PICO_TIES=0.9091 SOFTGATE=0.9327 [223s]
2026-09-26 03:25:43 KST | qnli-imdb: TA=0.9834(lam 0.85) TIES=0.9760 DARE_TA=0.9724 DARE_TIES=0.9497 TSVM=0.9806 KNOTS=0.9787 PICO_TA=0.9832 GATE=0.9834 FORCEGATE=0.9835 PICO_TIES=0.9703 SOFTGATE=0.9805 [404s]
2026-09-26 03:27:51 KST | qnli-trec: TA=0.9428(lam 0.6) TIES=0.9113 DARE_TA=0.9099 DARE_TIES=0.8965 TSVM=0.9336 KNOTS=0.9344 PICO_TA=0.9368 GATE=0.9428 FORCEGATE=0.9342 PICO_TIES=0.9129 SOFTGATE=0.9342 [128s]
2026-09-26 03:33:44 KST | qnli-yelp_polarity: TA=0.9596(lam 0.6) TIES=0.9545 DARE_TA=0.9428 DARE_TIES=0.9278 TSVM=0.9500 KNOTS=0.9522 PICO_TA=0.9562 GATE=0.9596 FORCEGATE=0.9613 PICO_TIES=0.9433 SOFTGATE=0.9527 [352s]
2026-09-26 03:35:32 KST | rte-wic: TA=0.9443(lam 0.7) TIES=0.9415 DARE_TA=0.9432 DARE_TIES=0.9336 TSVM=0.9387 KNOTS=0.9364 PICO_TA=0.9471 GATE=0.9443 FORCEGATE=0.9421 PICO_TIES=0.9269 SOFTGATE=0.9455 [108s]
2026-09-26 03:38:02 KST | rte-snli: TA=1.0052(lam 0.6) TIES=1.0073 DARE_TA=0.9852 DARE_TIES=0.9879 TSVM=0.9974 KNOTS=0.9989 PICO_TA=0.9845 GATE=1.0052 FORCEGATE=1.0155 PICO_TIES=1.0041 SOFTGATE=0.9973 [150s]
2026-09-26 03:40:17 KST | rte-scitail: TA=1.0115(lam 0.6) TIES=0.9977 DARE_TA=0.9773 DARE_TIES=0.9967 TSVM=1.0001 KNOTS=1.0036 PICO_TA=1.0167 GATE=1.0115 FORCEGATE=1.0152 PICO_TIES=0.9895 SOFTGATE=0.9987 [135s]
2026-09-26 03:43:26 KST | rte-ag_news: TA=0.9137(lam 1.0) TIES=0.9301 DARE_TA=0.9404 DARE_TIES=0.9106 TSVM=0.9377 KNOTS=0.9226 PICO_TA=0.9579 GATE=0.9137 FORCEGATE=0.9169 PICO_TIES=0.9400 SOFTGATE=0.9249 [189s]
2026-09-26 03:49:28 KST | rte-imdb: TA=0.9795(lam 0.7) TIES=0.9669 DARE_TA=0.9956 DARE_TIES=0.9726 TSVM=0.9817 KNOTS=0.9815 PICO_TA=0.9929 GATE=0.9795 FORCEGATE=0.9900 PICO_TIES=0.9813 SOFTGATE=0.9815 [362s]
2026-09-26 03:51:07 KST | rte-trec: TA=0.9607(lam 0.6) TIES=0.9533 DARE_TA=0.9635 DARE_TIES=0.9678 TSVM=0.9561 KNOTS=0.9481 PICO_TA=0.9543 GATE=0.9607 FORCEGATE=0.9582 PICO_TIES=0.9768 SOFTGATE=0.9627 [99s]
2026-09-26 03:56:20 KST | rte-yelp_polarity: TA=0.9360(lam 0.5) TIES=0.9191 DARE_TA=0.9048 DARE_TIES=0.9283 TSVM=0.9439 KNOTS=0.9039 PICO_TA=0.9587 GATE=0.9360 FORCEGATE=0.9446 PICO_TIES=0.9414 SOFTGATE=0.9287 [312s]
2026-09-26 03:58:08 KST | wic-snli: TA=0.9282(lam 0.7) TIES=0.9363 DARE_TA=0.9061 DARE_TIES=0.9026 TSVM=0.9240 KNOTS=0.9268 PICO_TA=0.9255 GATE=0.9282 FORCEGATE=0.9161 PICO_TIES=0.9244 SOFTGATE=0.9258 [108s]
2026-09-26 03:59:45 KST | wic-scitail: TA=0.8890(lam 0.85) TIES=0.8664 DARE_TA=0.8995 DARE_TIES=0.8780 TSVM=0.8777 KNOTS=0.8859 PICO_TA=0.8903 GATE=0.8890 FORCEGATE=0.8712 PICO_TIES=0.8932 SOFTGATE=0.8697 [97s]
2026-09-26 04:02:16 KST | wic-ag_news: TA=0.9880(lam 0.7) TIES=0.9581 DARE_TA=0.9662 DARE_TIES=0.9444 TSVM=0.9825 KNOTS=0.9614 PICO_TA=0.9835 GATE=0.9880 FORCEGATE=0.9819 PICO_TIES=0.9699 SOFTGATE=0.9892 [151s]
2026-09-26 04:07:41 KST | wic-imdb: TA=0.9572(lam 0.7) TIES=0.9614 DARE_TA=0.9613 DARE_TIES=0.9600 TSVM=0.9647 KNOTS=0.9693 PICO_TA=0.9587 GATE=0.9572 FORCEGATE=0.9606 PICO_TIES=0.9554 SOFTGATE=0.9571 [324s]
2026-09-26 04:08:42 KST | wic-trec: TA=0.9666(lam 0.7) TIES=0.9589 DARE_TA=0.9545 DARE_TIES=0.9561 TSVM=0.9665 KNOTS=0.9664 PICO_TA=0.9676 GATE=0.9666 FORCEGATE=0.9687 PICO_TIES=0.9590 SOFTGATE=0.9655 [61s]
2026-09-26 04:13:27 KST | wic-yelp_polarity: TA=0.9677(lam 0.6) TIES=0.9347 DARE_TA=0.9494 DARE_TIES=0.9380 TSVM=0.9556 KNOTS=0.9484 PICO_TA=0.9653 GATE=0.9677 FORCEGATE=0.9699 PICO_TIES=0.9309 SOFTGATE=0.9547 [285s]
2026-09-26 04:15:45 KST | snli-scitail: TA=0.9299(lam 0.6) TIES=0.9376 DARE_TA=0.9474 DARE_TIES=0.9469 TSVM=0.9448 KNOTS=0.9372 PICO_TA=0.9498 GATE=0.9299 FORCEGATE=0.9342 PICO_TIES=0.9294 SOFTGATE=0.9007 [138s]
2026-09-26 04:18:47 KST | snli-ag_news: TA=0.9592(lam 0.7) TIES=0.9322 DARE_TA=0.9274 DARE_TIES=0.9048 TSVM=0.9595 KNOTS=0.9374 PICO_TA=0.9609 GATE=0.9592 FORCEGATE=0.9612 PICO_TIES=0.9221 SOFTGATE=0.9615 [183s]
2026-09-26 04:25:05 KST | snli-imdb: TA=0.9742(lam 0.85) TIES=0.9724 DARE_TA=0.9752 DARE_TIES=0.9597 TSVM=0.9801 KNOTS=0.9729 PICO_TA=0.9801 GATE=0.9742 FORCEGATE=0.9757 PICO_TIES=0.9649 SOFTGATE=0.9789 [378s]
2026-09-26 04:26:47 KST | snli-trec: TA=0.9683(lam 0.85) TIES=0.9651 DARE_TA=0.9675 DARE_TIES=0.9452 TSVM=0.9769 KNOTS=0.9569 PICO_TA=0.9709 GATE=0.9683 FORCEGATE=0.9776 PICO_TIES=0.9499 SOFTGATE=0.9835 [102s]
2026-09-26 04:32:00 KST | snli-yelp_polarity: TA=0.9084(lam 0.5) TIES=0.8860 DARE_TA=0.9127 DARE_TIES=0.8545 TSVM=0.9052 KNOTS=0.9220 PICO_TA=0.8875 GATE=0.9084 FORCEGATE=0.9116 PICO_TIES=0.8750 SOFTGATE=0.8958 [313s]
2026-09-26 04:35:03 KST | scitail-ag_news: TA=0.9573(lam 0.85) TIES=0.9364 DARE_TA=0.9355 DARE_TIES=0.8846 TSVM=0.9194 KNOTS=0.9348 PICO_TA=0.9581 GATE=0.9573 FORCEGATE=0.9593 PICO_TIES=0.9365 SOFTGATE=0.9368 [182s]
2026-09-26 04:41:07 KST | scitail-imdb: TA=0.9881(lam 0.85) TIES=0.9710 DARE_TA=0.9825 DARE_TIES=0.9853 TSVM=0.9774 KNOTS=0.9838 PICO_TA=0.9899 GATE=0.9881 FORCEGATE=0.9886 PICO_TIES=0.9714 SOFTGATE=0.9749 [365s]
2026-09-26 04:42:35 KST | scitail-trec: TA=0.9891(lam 0.85) TIES=0.9705 DARE_TA=0.9721 DARE_TIES=0.9760 TSVM=0.9831 KNOTS=0.9823 PICO_TA=0.9901 GATE=0.9891 FORCEGATE=0.9876 PICO_TIES=0.9803 SOFTGATE=0.9744 [88s]
2026-09-26 04:47:47 KST | scitail-yelp_polarity: TA=0.9667(lam 0.6) TIES=0.9604 DARE_TA=0.9532 DARE_TIES=0.9620 TSVM=0.9730 KNOTS=0.9775 PICO_TA=0.9710 GATE=0.9667 FORCEGATE=0.9666 PICO_TIES=0.9566 SOFTGATE=0.9668 [312s]
2026-09-26 04:54:16 KST | ag_news-imdb: TA=0.9672(lam 0.7) TIES=0.9424 DARE_TA=0.9523 DARE_TIES=0.9362 TSVM=0.9685 KNOTS=0.9685 PICO_TA=0.9714 GATE=0.9672 FORCEGATE=0.9585 PICO_TIES=0.9430 SOFTGATE=0.9651 [389s]
2026-09-26 04:56:38 KST | ag_news-trec: TA=0.9628(lam 0.7) TIES=0.9268 DARE_TA=0.9349 DARE_TIES=0.9041 TSVM=0.9661 KNOTS=0.9345 PICO_TA=0.9739 GATE=0.9628 FORCEGATE=0.9623 PICO_TIES=0.9551 SOFTGATE=0.9622 [142s]
2026-09-26 05:02:33 KST | ag_news-yelp_polarity: TA=0.9540(lam 0.7) TIES=0.9349 DARE_TA=0.9399 DARE_TIES=0.9063 TSVM=0.9573 KNOTS=0.9575 PICO_TA=0.9533 GATE=0.9540 FORCEGATE=0.9512 PICO_TIES=0.9382 SOFTGATE=0.9544 [355s]
2026-09-26 05:07:35 KST | imdb-trec: TA=0.9570(lam 0.7) TIES=0.9397 DARE_TA=0.9496 DARE_TIES=0.9270 TSVM=0.9600 KNOTS=0.9420 PICO_TA=0.9526 GATE=0.9570 FORCEGATE=0.9778 PICO_TIES=0.9234 SOFTGATE=0.9716 [302s]
2026-09-26 05:16:23 KST | imdb-yelp_polarity: TA=0.9947(lam 0.5) TIES=0.9926 DARE_TA=0.9932 DARE_TIES=0.9917 TSVM=0.9950 KNOTS=0.9934 PICO_TA=0.9945 GATE=0.9947 FORCEGATE=0.9950 PICO_TIES=0.9943 SOFTGATE=0.9927 [528s]
2026-09-26 05:20:48 KST | trec-yelp_polarity: TA=0.9820(lam 0.85) TIES=0.9718 DARE_TA=0.9768 DARE_TIES=0.9548 TSVM=0.9848 KNOTS=0.9833 PICO_TA=0.9869 GATE=0.9820 FORCEGATE=0.9846 PICO_TIES=0.9759 SOFTGATE=0.9858 [265s]
2026-09-26 05:20:48 KST | run done
/home/sanghoon/Desktop/Workspace/LoRA/artifacts/e3_baselines/code/e3.py:443: ConstantInputWarning: An input array is constant; the correlation coefficient is not defined.
  ex[m] = {c: float(spearmanr(P.loc[df.pair, c].values, g).statistic) for c in ("O_A", "O_B", "tv_cosine") if c in P.columns}
2026-09-26 05:20:49 KST | analysis: {"TIES": -1.51, "DARE_TA": -1.273, "DARE_TIES": -2.561, "TSVM": -0.175, "KNOTS": -0.44, "PICO_TA": 0.223, "GATE": 0.0, "FORCEGATE": -0.034, "PICO_TIES": -1.504, "SOFTGATE": -0.888, "TA4_E1grid": -0.292, "PICO_TA_c1": -0.889}
