2026-09-26 07:30:48 KST | === e1c.py ['e1c.py', '--stage', 'stage2', '--pop', 'S1']
[transformers] [1mBertModel LOAD REPORT[0m from: bert-base-uncased
Key                                        | Status     |  | 
-------------------------------------------+------------+--+-
cls.predictions.transform.LayerNorm.bias   | UNEXPECTED |  | 
cls.predictions.transform.dense.weight     | UNEXPECTED |  | 
cls.seq_relationship.weight                | UNEXPECTED |  | 
cls.predictions.transform.dense.bias       | UNEXPECTED |  | 
cls.seq_relationship.bias                  | UNEXPECTED |  | 
cls.predictions.transform.LayerNorm.weight | UNEXPECTED |  | 
cls.predictions.bias                       | UNEXPECTED |  | 

Notes:
- UNEXPECTED:	can be ignored when loading from different task/architecture; not ok if you expect identical arch.
2026-09-26 07:31:04 KST | e1c stage2[S1] cola@s1__sst2@s1: lam*=1.0 D=0.0579 TIES(atTA/own)=0.9504/0.9504 GATE(0 layers)=0.9421 [12s]
2026-09-26 07:31:25 KST | e1c stage2[S1] cola@s1__mrpc@s1: lam*=0.7 D=0.0681 TIES(atTA/own)=0.8840/0.9118 GATE(0 layers)=0.9319 [20s]
2026-09-26 07:31:45 KST | e1c stage2[S1] cola@s1__stsb@s1: lam*=0.7 D=0.0563 TIES(atTA/own)=0.9323/0.9487 GATE(0 layers)=0.9437 [20s]
2026-09-26 07:32:42 KST | e1c stage2[S1] cola@s1__mnli@s1: lam*=1.0 D=0.1146 TIES(atTA/own)=0.8583/0.8583 GATE(0 layers)=0.8854 [57s]
2026-09-26 07:33:29 KST | e1c stage2[S1] cola@s1__qnli@s1: lam*=1.0 D=0.0568 TIES(atTA/own)=0.9275/0.9275 GATE(0 layers)=0.9432 [47s]
2026-09-26 07:33:52 KST | e1c stage2[S1] cola@s1__rte@s1: lam*=0.7 D=0.0404 TIES(atTA/own)=0.8867/0.9186 GATE(0 layers)=0.9596 [23s]
2026-09-26 07:34:06 KST | e1c stage2[S1] cola@s1__wic@s1: lam*=0.7 D=0.0419 TIES(atTA/own)=0.9437/0.9626 GATE(0 layers)=0.9581 [14s]
2026-09-26 07:34:47 KST | e1c stage2[S1] cola@s1__snli@s1: lam*=1.0 D=0.0826 TIES(atTA/own)=0.9011/0.9011 GATE(0 layers)=0.9174 [41s]
2026-09-26 07:35:09 KST | e1c stage2[S1] cola@s1__scitail@s1: lam*=1.0 D=0.0485 TIES(atTA/own)=0.9121/0.9121 GATE(0 layers)=0.9515 [22s]
2026-09-26 07:36:08 KST | e1c stage2[S1] cola@s1__ag_news@s1: lam*=1.0 D=0.0470 TIES(atTA/own)=0.9439/0.9439 GATE(0 layers)=0.9530 [59s]
2026-09-26 07:38:47 KST | e1c stage2[S1] cola@s1__imdb@s1: lam*=1.0 D=0.0364 TIES(atTA/own)=0.9466/0.9466 GATE(0 layers)=0.9636 [159s]
2026-09-26 07:38:57 KST | e1c stage2[S1] cola@s1__trec@s1: lam*=1.0 D=0.0395 TIES(atTA/own)=0.9429/0.9429 GATE(0 layers)=0.9605 [10s]
2026-09-26 07:41:08 KST | e1c stage2[S1] cola@s1__yelp_polarity@s1: lam*=1.0 D=0.0362 TIES(atTA/own)=0.9562/0.9562 GATE(0 layers)=0.9638 [131s]
2026-09-26 07:41:30 KST | e1c stage2[S1] sst2@s1__mrpc@s1: lam*=0.7 D=0.0427 TIES(atTA/own)=0.9132/0.9372 GATE(0 layers)=0.9573 [23s]
2026-09-26 07:41:53 KST | e1c stage2[S1] sst2@s1__stsb@s1: lam*=0.5 D=0.0305 TIES(atTA/own)=0.9589/0.9601 GATE(0 layers)=0.9695 [23s]
2026-09-26 07:43:01 KST | e1c stage2[S1] sst2@s1__mnli@s1: lam*=0.7 D=0.0500 TIES(atTA/own)=0.8597/0.9215 GATE(0 layers)=0.9500 [68s]
2026-09-26 07:43:57 KST | e1c stage2[S1] sst2@s1__qnli@s1: lam*=0.7 D=0.0263 TIES(atTA/own)=0.9166/0.9438 GATE(0 layers)=0.9737 [56s]
2026-09-26 07:44:21 KST | e1c stage2[S1] sst2@s1__rte@s1: lam*=0.5 D=0.0505 TIES(atTA/own)=0.9057/0.9229 GATE(0 layers)=0.9495 [24s]
2026-09-26 07:44:37 KST | e1c stage2[S1] sst2@s1__wic@s1: lam*=0.5 D=0.0293 TIES(atTA/own)=0.9352/0.9401 GATE(0 layers)=0.9707 [15s]
2026-09-26 07:45:24 KST | e1c stage2[S1] sst2@s1__snli@s1: lam*=0.7 D=0.0357 TIES(atTA/own)=0.8990/0.9333 GATE(0 layers)=0.9643 [47s]
2026-09-26 07:45:49 KST | e1c stage2[S1] sst2@s1__scitail@s1: lam*=0.7 D=0.0546 TIES(atTA/own)=0.8852/0.9421 GATE(0 layers)=0.9454 [25s]
2026-09-26 07:46:57 KST | e1c stage2[S1] sst2@s1__ag_news@s1: lam*=0.7 D=0.0144 TIES(atTA/own)=0.9393/0.9637 GATE(0 layers)=0.9856 [68s]
2026-09-26 07:49:58 KST | e1c stage2[S1] sst2@s1__imdb@s1: lam*=0.7 D=0.0091 TIES(atTA/own)=0.9895/0.9805 GATE(0 layers)=0.9909 [181s]
2026-09-26 07:50:11 KST | e1c stage2[S1] sst2@s1__trec@s1: lam*=0.7 D=0.0148 TIES(atTA/own)=0.9329/0.9586 GATE(0 layers)=0.9852 [12s]
2026-09-26 07:52:39 KST | e1c stage2[S1] sst2@s1__yelp_polarity@s1: lam*=0.5 D=0.0132 TIES(atTA/own)=0.9787/0.9838 GATE(0 layers)=0.9868 [148s]
2026-09-26 07:53:07 KST | e1c stage2[S1] mrpc@s1__stsb@s1: lam*=0.7 D=0.0556 TIES(atTA/own)=0.8985/0.9305 GATE(0 layers)=0.9444 [29s]
2026-09-26 07:54:19 KST | e1c stage2[S1] mrpc@s1__mnli@s1: lam*=0.5 D=0.0598 TIES(atTA/own)=0.7052/0.9435 GATE(0 layers)=0.9402 [72s]
2026-09-26 07:55:19 KST | e1c stage2[S1] mrpc@s1__qnli@s1: lam*=0.5 D=0.0475 TIES(atTA/own)=0.8284/0.9656 GATE(0 layers)=0.9525 [60s]
2026-09-26 07:55:51 KST | e1c stage2[S1] mrpc@s1__rte@s1: lam*=0.7 D=0.0956 TIES(atTA/own)=0.8840/0.8954 GATE(0 layers)=0.9044 [31s]
2026-09-26 07:56:12 KST | e1c stage2[S1] mrpc@s1__wic@s1: lam*=1.0 D=0.0980 TIES(atTA/own)=0.8967/0.8967 GATE(0 layers)=0.9020 [22s]
2026-09-26 07:57:08 KST | e1c stage2[S1] mrpc@s1__snli@s1: lam*=0.7 D=0.0704 TIES(atTA/own)=0.8921/0.9507 GATE(0 layers)=0.9296 [56s]
2026-09-26 07:57:41 KST | e1c stage2[S1] mrpc@s1__scitail@s1: lam*=0.5 D=0.0545 TIES(atTA/own)=0.8018/0.9525 GATE(0 layers)=0.9455 [32s]
2026-09-26 07:58:57 KST | e1c stage2[S1] mrpc@s1__ag_news@s1: lam*=0.7 D=0.0868 TIES(atTA/own)=0.8552/0.8896 GATE(0 layers)=0.9132 [76s]
2026-09-26 08:02:05 KST | e1c stage2[S1] mrpc@s1__imdb@s1: lam*=0.7 D=0.1125 TIES(atTA/own)=0.8388/0.8597 GATE(0 layers)=0.8875 [188s]
2026-09-26 08:02:23 KST | e1c stage2[S1] mrpc@s1__trec@s1: lam*=1.0 D=0.0340 TIES(atTA/own)=0.9374/0.9374 GATE(0 layers)=0.9660 [18s]
2026-09-26 08:05:00 KST | e1c stage2[S1] mrpc@s1__yelp_polarity@s1: lam*=0.7 D=0.0692 TIES(atTA/own)=0.8788/0.8766 GATE(0 layers)=0.9308 [157s]
2026-09-26 08:06:14 KST | e1c stage2[S1] stsb@s1__mnli@s1: lam*=0.7 D=0.0870 TIES(atTA/own)=0.8324/0.9066 GATE(0 layers)=0.9130 [74s]
2026-09-26 08:07:15 KST | e1c stage2[S1] stsb@s1__qnli@s1: lam*=0.7 D=0.0425 TIES(atTA/own)=0.9063/0.9406 GATE(0 layers)=0.9575 [61s]
2026-09-26 08:07:47 KST | e1c stage2[S1] stsb@s1__rte@s1: lam*=0.5 D=0.0396 TIES(atTA/own)=0.9579/0.9865 GATE(0 layers)=0.9604 [32s]
2026-09-26 08:08:09 KST | e1c stage2[S1] stsb@s1__wic@s1: lam*=0.7 D=0.0093 TIES(atTA/own)=0.9695/0.9778 GATE(0 layers)=0.9907 [22s]
2026-09-26 08:09:03 KST | e1c stage2[S1] stsb@s1__snli@s1: lam*=0.5 D=0.0684 TIES(atTA/own)=0.8192/0.9241 GATE(0 layers)=0.9316 [54s]
2026-09-26 08:09:34 KST | e1c stage2[S1] stsb@s1__scitail@s1: lam*=0.7 D=0.0194 TIES(atTA/own)=0.9217/0.9878 GATE(0 layers)=0.9806 [31s]
2026-09-26 08:10:49 KST | e1c stage2[S1] stsb@s1__ag_news@s1: lam*=0.5 D=0.0423 TIES(atTA/own)=0.8469/0.9086 GATE(0 layers)=0.9577 [75s]
2026-09-26 08:13:58 KST | e1c stage2[S1] stsb@s1__imdb@s1: lam*=0.7 D=0.0381 TIES(atTA/own)=0.9402/0.9378 GATE(0 layers)=0.9619 [189s]
2026-09-26 08:14:17 KST | e1c stage2[S1] stsb@s1__trec@s1: lam*=0.7 D=0.0489 TIES(atTA/own)=0.8857/0.9303 GATE(0 layers)=0.9511 [20s]
2026-09-26 08:16:34 KST | e1c stage2[S1] stsb@s1__yelp_polarity@s1: lam*=0.7 D=0.0224 TIES(atTA/own)=0.9726/0.9726 GATE(0 layers)=0.9776 [137s]
2026-09-26 08:18:18 KST | e1c stage2[S1] mnli@s1__qnli@s1: lam*=0.5 D=0.1705 TIES(atTA/own)=0.7222/0.8086 GATE(0 layers)=0.8295 [103s]
2026-09-26 08:19:32 KST | e1c stage2[S1] mnli@s1__rte@s1: lam*=0.7 D=-0.0175 TIES(atTA/own)=0.9416/1.0149 GATE(0 layers)=1.0175 [74s]
2026-09-26 08:20:39 KST | e1c stage2[S1] mnli@s1__wic@s1: lam*=0.7 D=0.1220 TIES(atTA/own)=0.7817/0.8770 GATE(0 layers)=0.8780 [67s]
2026-09-26 08:22:20 KST | e1c stage2[S1] mnli@s1__snli@s1: lam*=0.7 D=0.0541 TIES(atTA/own)=0.9215/0.9523 GATE(0 layers)=0.9459 [101s]
2026-09-26 08:23:34 KST | e1c stage2[S1] mnli@s1__scitail@s1: lam*=0.5 D=0.0619 TIES(atTA/own)=0.7069/0.9339 GATE(0 layers)=0.9381 [73s]
2026-09-26 08:25:30 KST | e1c stage2[S1] mnli@s1__ag_news@s1: lam*=0.7 D=0.0613 TIES(atTA/own)=0.6818/0.8255 GATE(0 layers)=0.9387 [117s]
2026-09-26 08:29:24 KST | e1c stage2[S1] mnli@s1__imdb@s1: lam*=0.7 D=0.0372 TIES(atTA/own)=0.7959/0.9167 GATE(0 layers)=0.9628 [233s]
2026-09-26 08:30:25 KST | e1c stage2[S1] mnli@s1__trec@s1: lam*=0.7 D=0.0342 TIES(atTA/own)=0.6836/0.8449 GATE(0 layers)=0.9658 [61s]
2026-09-26 08:33:46 KST | e1c stage2[S1] mnli@s1__yelp_polarity@s1: lam*=0.7 D=0.0389 TIES(atTA/own)=0.8339/0.9221 GATE(0 layers)=0.9611 [202s]
2026-09-26 08:34:48 KST | e1c stage2[S1] qnli@s1__rte@s1: lam*=0.5 D=0.0699 TIES(atTA/own)=0.8797/0.9195 GATE(0 layers)=0.9301 [61s]
2026-09-26 08:35:43 KST | e1c stage2[S1] qnli@s1__wic@s1: lam*=0.7 D=0.0725 TIES(atTA/own)=0.8841/0.9158 GATE(0 layers)=0.9275 [55s]
2026-09-26 08:37:12 KST | e1c stage2[S1] qnli@s1__snli@s1: lam*=0.5 D=0.0616 TIES(atTA/own)=0.7295/0.9393 GATE(0 layers)=0.9384 [89s]
2026-09-26 08:38:14 KST | e1c stage2[S1] qnli@s1__scitail@s1: lam*=0.5 D=0.0679 TIES(atTA/own)=0.8559/0.9554 GATE(0 layers)=0.9321 [61s]
2026-09-26 08:40:03 KST | e1c stage2[S1] qnli@s1__ag_news@s1: lam*=0.7 D=0.0359 TIES(atTA/own)=0.8395/0.9047 GATE(0 layers)=0.9641 [110s]
2026-09-26 08:43:48 KST | e1c stage2[S1] qnli@s1__imdb@s1: lam*=0.7 D=0.0396 TIES(atTA/own)=0.8591/0.9141 GATE(0 layers)=0.9604 [224s]
2026-09-26 08:44:40 KST | e1c stage2[S1] qnli@s1__trec@s1: lam*=0.7 D=0.0534 TIES(atTA/own)=0.8672/0.9202 GATE(0 layers)=0.9466 [52s]
2026-09-26 08:46:49 KST | e1c stage2[S1] qnli@s1__yelp_polarity@s1: lam*=0.7 D=0.0357 TIES(atTA/own)=0.8974/0.9382 GATE(0 layers)=0.9643 [129s]
2026-09-26 08:47:01 KST | e1c stage2[S1] rte@s1__wic@s1: lam*=0.7 D=0.0277 TIES(atTA/own)=0.9261/0.9514 GATE(0 layers)=0.9723 [12s]
2026-09-26 08:47:29 KST | e1c stage2[S1] rte@s1__snli@s1: lam*=0.5 D=0.0137 TIES(atTA/own)=0.8252/0.9733 GATE(0 layers)=0.9863 [28s]
2026-09-26 08:47:46 KST | e1c stage2[S1] rte@s1__scitail@s1: lam*=0.7 D=-0.0047 TIES(atTA/own)=0.9054/0.9953 GATE(0 layers)=1.0047 [17s]
2026-09-26 08:48:24 KST | e1c stage2[S1] rte@s1__ag_news@s1: lam*=0.7 D=0.0737 TIES(atTA/own)=0.9187/0.9167 GATE(0 layers)=0.9263 [38s]
2026-09-26 08:50:00 KST | e1c stage2[S1] rte@s1__imdb@s1: lam*=0.7 D=0.0101 TIES(atTA/own)=0.8951/0.9522 GATE(0 layers)=0.9899 [97s]
2026-09-26 08:50:11 KST | e1c stage2[S1] rte@s1__trec@s1: lam*=0.7 D=0.0175 TIES(atTA/own)=0.9369/0.9650 GATE(0 layers)=0.9825 [11s]
2026-09-26 08:51:30 KST | e1c stage2[S1] rte@s1__yelp_polarity@s1: lam*=0.7 D=0.0305 TIES(atTA/own)=0.9265/0.9392 GATE(0 layers)=0.9695 [79s]
2026-09-26 08:51:53 KST | e1c stage2[S1] wic@s1__snli@s1: lam*=0.7 D=0.0572 TIES(atTA/own)=0.8213/0.9192 GATE(0 layers)=0.9428 [23s]
2026-09-26 08:52:04 KST | e1c stage2[S1] wic@s1__scitail@s1: lam*=1.0 D=0.1417 TIES(atTA/own)=0.8778/0.8778 GATE(0 layers)=0.8583 [11s]
2026-09-26 08:52:37 KST | e1c stage2[S1] wic@s1__ag_news@s1: lam*=0.7 D=0.0394 TIES(atTA/own)=0.9269/0.9234 GATE(0 layers)=0.9606 [33s]
2026-09-26 08:54:09 KST | e1c stage2[S1] wic@s1__imdb@s1: lam*=0.7 D=0.0208 TIES(atTA/own)=0.9658/0.9732 GATE(0 layers)=0.9792 [92s]
2026-09-26 08:54:15 KST | e1c stage2[S1] wic@s1__trec@s1: lam*=0.7 D=0.0232 TIES(atTA/own)=0.9439/0.9635 GATE(0 layers)=0.9768 [6s]
2026-09-26 08:55:30 KST | e1c stage2[S1] wic@s1__yelp_polarity@s1: lam*=0.5 D=0.0280 TIES(atTA/own)=0.9391/0.9727 GATE(0 layers)=0.9720 [74s]
2026-09-26 08:55:57 KST | e1c stage2[S1] snli@s1__scitail@s1: lam*=0.5 D=0.0597 TIES(atTA/own)=0.7376/0.9144 GATE(0 layers)=0.9403 [27s]
2026-09-26 08:56:46 KST | e1c stage2[S1] snli@s1__ag_news@s1: lam*=0.7 D=0.0289 TIES(atTA/own)=0.8363/0.9213 GATE(0 layers)=0.9711 [49s]
2026-09-26 08:58:33 KST | e1c stage2[S1] snli@s1__imdb@s1: lam*=0.7 D=0.0178 TIES(atTA/own)=0.8882/0.9595 GATE(0 layers)=0.9822 [107s]
2026-09-26 08:58:52 KST | e1c stage2[S1] snli@s1__trec@s1: lam*=1.0 D=0.0261 TIES(atTA/own)=0.9512/0.9512 GATE(0 layers)=0.9739 [18s]
2026-09-26 09:00:22 KST | e1c stage2[S1] snli@s1__yelp_polarity@s1: lam*=0.7 D=0.0229 TIES(atTA/own)=0.8789/0.9529 GATE(0 layers)=0.9771 [90s]
2026-09-26 09:00:59 KST | e1c stage2[S1] scitail@s1__ag_news@s1: lam*=0.7 D=0.0428 TIES(atTA/own)=0.8560/0.9363 GATE(0 layers)=0.9572 [38s]
2026-09-26 09:02:36 KST | e1c stage2[S1] scitail@s1__imdb@s1: lam*=0.7 D=0.0184 TIES(atTA/own)=0.8732/0.9493 GATE(0 layers)=0.9816 [97s]
2026-09-26 09:02:46 KST | e1c stage2[S1] scitail@s1__trec@s1: lam*=1.0 D=0.0309 TIES(atTA/own)=0.9051/0.9051 GATE(0 layers)=0.9691 [10s]
2026-09-26 09:04:05 KST | e1c stage2[S1] scitail@s1__yelp_polarity@s1: lam*=0.7 D=0.0262 TIES(atTA/own)=0.8645/0.9269 GATE(0 layers)=0.9738 [79s]
2026-09-26 09:06:03 KST | e1c stage2[S1] ag_news@s1__imdb@s1: lam*=0.7 D=0.0390 TIES(atTA/own)=0.8885/0.9146 GATE(0 layers)=0.9610 [118s]
2026-09-26 09:06:35 KST | e1c stage2[S1] ag_news@s1__trec@s1: lam*=0.7 D=0.0229 TIES(atTA/own)=0.9143/0.9563 GATE(0 layers)=0.9771 [32s]
2026-09-26 09:08:15 KST | e1c stage2[S1] ag_news@s1__yelp_polarity@s1: lam*=0.7 D=0.0274 TIES(atTA/own)=0.9143/0.9471 GATE(0 layers)=0.9726 [100s]
2026-09-26 09:09:46 KST | e1c stage2[S1] imdb@s1__trec@s1: lam*=0.7 D=0.0169 TIES(atTA/own)=0.9557/0.9721 GATE(0 layers)=0.9831 [90s]
2026-09-26 09:12:25 KST | e1c stage2[S1] imdb@s1__yelp_polarity@s1: lam*=0.5 D=0.0081 TIES(atTA/own)=0.9822/0.9921 GATE(0 layers)=0.9919 [159s]
2026-09-26 09:13:38 KST | e1c stage2[S1] trec@s1__yelp_polarity@s1: lam*=0.7 D=0.0120 TIES(atTA/own)=0.9604/0.9802 GATE(0 layers)=0.9880 [73s]
2026-09-26 09:13:38 KST | e1c stage2 S1 done
