2026-09-26 06:35:51 KST | === e1c.py ['e1c.py', '--stage', 'stage2', '--pop', 'P']
[transformers] [1mBertModel LOAD REPORT[0m from: bert-base-uncased
Key                                        | Status     |  | 
-------------------------------------------+------------+--+-
cls.seq_relationship.bias                  | UNEXPECTED |  | 
cls.predictions.transform.dense.weight     | UNEXPECTED |  | 
cls.predictions.transform.dense.bias       | UNEXPECTED |  | 
cls.predictions.transform.LayerNorm.bias   | UNEXPECTED |  | 
cls.predictions.bias                       | UNEXPECTED |  | 
cls.seq_relationship.weight                | UNEXPECTED |  | 
cls.predictions.transform.LayerNorm.weight | UNEXPECTED |  | 

Notes:
- UNEXPECTED:	can be ignored when loading from different task/architecture; not ok if you expect identical arch.
2026-09-26 06:36:56 KST | e1c stage2[P] ag_news@s0__cola@s1: lam*=0.7 D=0.0574 TIES(atTA/own)=0.8889/0.9278 GATE(0 layers)=0.9426 [61s]
2026-09-26 06:40:50 KST | e1c stage2[P] ag_news@s0__imdb@s1: lam*=0.7 D=0.0126 TIES(atTA/own)=0.9531/0.9735 GATE(0 layers)=0.9874 [234s]
2026-09-26 06:42:29 KST | e1c stage2[P] ag_news@s0__mnli@s1: lam*=1.0 D=0.0727 TIES(atTA/own)=0.8562/0.8562 GATE(0 layers)=0.9273 [99s]
2026-09-26 06:43:42 KST | e1c stage2[P] ag_news@s0__mrpc@s1: lam*=0.7 D=0.0531 TIES(atTA/own)=0.8787/0.9180 GATE(0 layers)=0.9469 [73s]
2026-09-26 06:45:30 KST | e1c stage2[P] ag_news@s0__qnli@s1: lam*=0.7 D=0.0584 TIES(atTA/own)=0.8300/0.8795 GATE(0 layers)=0.9416 [107s]
2026-09-26 06:46:50 KST | e1c stage2[P] ag_news@s0__rte@s1: lam*=0.7 D=0.0653 TIES(atTA/own)=0.9068/0.9053 GATE(0 layers)=0.9347 [80s]
2026-09-26 06:48:11 KST | e1c stage2[P] ag_news@s0__scitail@s1: lam*=0.7 D=0.0566 TIES(atTA/own)=0.8346/0.9024 GATE(0 layers)=0.9434 [81s]
2026-09-26 06:49:56 KST | e1c stage2[P] ag_news@s0__snli@s1: lam*=0.7 D=0.0301 TIES(atTA/own)=0.8515/0.9364 GATE(0 layers)=0.9699 [105s]
2026-09-26 06:51:07 KST | e1c stage2[P] ag_news@s0__sst2@s1: lam*=0.7 D=0.0185 TIES(atTA/own)=0.9489/0.9627 GATE(0 layers)=0.9815 [71s]
2026-09-26 06:52:23 KST | e1c stage2[P] ag_news@s0__stsb@s1: lam*=0.5 D=0.0507 TIES(atTA/own)=0.8865/0.9301 GATE(0 layers)=0.9493 [75s]
2026-09-26 06:53:30 KST | e1c stage2[P] ag_news@s0__trec@s1: lam*=0.7 D=0.0226 TIES(atTA/own)=0.9003/0.9365 GATE(0 layers)=0.9774 [67s]
2026-09-26 06:54:41 KST | e1c stage2[P] ag_news@s0__wic@s1: lam*=0.7 D=0.0046 TIES(atTA/own)=0.9440/0.9604 GATE(0 layers)=0.9954 [71s]
2026-09-26 06:57:47 KST | e1c stage2[P] ag_news@s0__yelp_polarity@s1: lam*=0.7 D=0.0142 TIES(atTA/own)=0.9513/0.9712 GATE(0 layers)=0.9858 [186s]
2026-09-26 07:00:10 KST | e1c stage2[P] cola@s0__imdb@s1: lam*=1.0 D=0.0483 TIES(atTA/own)=0.9362/0.9362 GATE(0 layers)=0.9517 [143s]
2026-09-26 07:01:04 KST | e1c stage2[P] cola@s0__mnli@s1: lam*=1.0 D=0.0921 TIES(atTA/own)=0.8574/0.8574 GATE(0 layers)=0.9079 [54s]
2026-09-26 07:01:22 KST | e1c stage2[P] cola@s0__mrpc@s1: lam*=1.0 D=0.0704 TIES(atTA/own)=0.9202/0.9202 GATE(0 layers)=0.9296 [18s]
2026-09-26 07:02:12 KST | e1c stage2[P] cola@s0__qnli@s1: lam*=0.7 D=0.0356 TIES(atTA/own)=0.8741/0.9330 GATE(0 layers)=0.9644 [50s]
2026-09-26 07:02:34 KST | e1c stage2[P] cola@s0__rte@s1: lam*=0.7 D=0.0253 TIES(atTA/own)=0.9094/0.9653 GATE(0 layers)=0.9747 [22s]
2026-09-26 07:02:53 KST | e1c stage2[P] cola@s0__scitail@s1: lam*=1.0 D=0.0381 TIES(atTA/own)=0.9084/0.9084 GATE(0 layers)=0.9619 [19s]
2026-09-26 07:03:39 KST | e1c stage2[P] cola@s0__snli@s1: lam*=0.7 D=0.0660 TIES(atTA/own)=0.8346/0.9138 GATE(0 layers)=0.9340 [45s]
2026-09-26 07:03:50 KST | e1c stage2[P] cola@s0__sst2@s1: lam*=1.0 D=0.0309 TIES(atTA/own)=0.9595/0.9595 GATE(0 layers)=0.9691 [12s]
2026-09-26 07:04:09 KST | e1c stage2[P] cola@s0__stsb@s1: lam*=0.7 D=0.0432 TIES(atTA/own)=0.9479/0.9503 GATE(0 layers)=0.9568 [19s]
2026-09-26 07:04:18 KST | e1c stage2[P] cola@s0__trec@s1: lam*=1.0 D=0.0257 TIES(atTA/own)=0.9672/0.9672 GATE(0 layers)=0.9743 [9s]
2026-09-26 07:04:31 KST | e1c stage2[P] cola@s0__wic@s1: lam*=0.7 D=0.0346 TIES(atTA/own)=0.9308/0.9400 GATE(0 layers)=0.9654 [13s]
2026-09-26 07:06:33 KST | e1c stage2[P] cola@s0__yelp_polarity@s1: lam*=1.0 D=0.0389 TIES(atTA/own)=0.9636/0.9636 GATE(0 layers)=0.9611 [122s]
2026-09-26 07:10:06 KST | e1c stage2[P] imdb@s0__mnli@s1: lam*=0.7 D=0.0349 TIES(atTA/own)=0.7752/0.9004 GATE(0 layers)=0.9651 [213s]
2026-09-26 07:13:08 KST | e1c stage2[P] imdb@s0__mrpc@s1: lam*=0.7 D=0.0543 TIES(atTA/own)=0.8974/0.9274 GATE(0 layers)=0.9457 [182s]
2026-09-26 07:16:52 KST | e1c stage2[P] imdb@s0__qnli@s1: lam*=0.7 D=0.0256 TIES(atTA/own)=0.9040/0.9459 GATE(0 layers)=0.9744 [224s]
2026-09-26 07:20:10 KST | e1c stage2[P] imdb@s0__rte@s1: lam*=0.7 D=0.0163 TIES(atTA/own)=0.9476/0.9794 GATE(0 layers)=0.9837 [198s]
2026-09-26 07:23:01 KST | e1c stage2[P] imdb@s0__scitail@s1: lam*=1.0 D=0.0173 TIES(atTA/own)=0.9419/0.9419 GATE(0 layers)=0.9827 [171s]
2026-09-26 07:26:33 KST | e1c stage2[P] imdb@s0__snli@s1: lam*=0.7 D=0.0257 TIES(atTA/own)=0.8898/0.9619 GATE(0 layers)=0.9743 [213s]
2026-09-26 07:29:37 KST | e1c stage2[P] imdb@s0__sst2@s1: lam*=0.5 D=0.0043 TIES(atTA/own)=0.9788/0.9830 GATE(0 layers)=0.9957 [184s]
2026-09-26 07:32:40 KST | e1c stage2[P] imdb@s0__stsb@s1: lam*=0.7 D=0.0103 TIES(atTA/own)=0.9798/0.9838 GATE(0 layers)=0.9897 [183s]
2026-09-26 07:35:34 KST | e1c stage2[P] imdb@s0__trec@s1: lam*=0.7 D=0.0101 TIES(atTA/own)=0.9685/0.9853 GATE(0 layers)=0.9899 [174s]
2026-09-26 07:38:42 KST | e1c stage2[P] imdb@s0__wic@s1: lam*=0.7 D=0.0173 TIES(atTA/own)=0.9657/0.9846 GATE(0 layers)=0.9827 [188s]
2026-09-26 07:43:58 KST | e1c stage2[P] imdb@s0__yelp_polarity@s1: lam*=0.5 D=0.0030 TIES(atTA/own)=0.9743/0.9929 GATE(0 layers)=0.9970 [316s]
2026-09-26 07:45:09 KST | e1c stage2[P] mnli@s0__mrpc@s1: lam*=0.5 D=0.0754 TIES(atTA/own)=0.7109/0.9250 GATE(0 layers)=0.9246 [71s]
2026-09-26 07:46:52 KST | e1c stage2[P] mnli@s0__qnli@s1: lam*=0.5 D=0.1778 TIES(atTA/own)=0.7437/0.8246 GATE(0 layers)=0.8222 [103s]
2026-09-26 07:48:10 KST | e1c stage2[P] mnli@s0__rte@s1: lam*=0.5 D=0.0592 TIES(atTA/own)=0.7972/0.8506 GATE(0 layers)=0.9408 [78s]
2026-09-26 07:49:28 KST | e1c stage2[P] mnli@s0__scitail@s1: lam*=0.5 D=0.0852 TIES(atTA/own)=0.7328/0.8858 GATE(0 layers)=0.9148 [79s]
2026-09-26 07:51:08 KST | e1c stage2[P] mnli@s0__snli@s1: lam*=0.5 D=0.0773 TIES(atTA/own)=0.7516/0.9144 GATE(0 layers)=0.9227 [99s]
2026-09-26 07:52:16 KST | e1c stage2[P] mnli@s0__sst2@s1: lam*=0.7 D=0.0481 TIES(atTA/own)=0.8511/0.9138 GATE(0 layers)=0.9519 [68s]
2026-09-26 07:53:28 KST | e1c stage2[P] mnli@s0__stsb@s1: lam*=0.7 D=0.0670 TIES(atTA/own)=0.8509/0.9177 GATE(0 layers)=0.9330 [72s]
2026-09-26 07:54:31 KST | e1c stage2[P] mnli@s0__trec@s1: lam*=0.7 D=0.0474 TIES(atTA/own)=0.6492/0.7964 GATE(0 layers)=0.9526 [63s]
2026-09-26 07:55:28 KST | e1c stage2[P] mnli@s0__wic@s1: lam*=1.0 D=0.1349 TIES(atTA/own)=0.8800/0.8800 GATE(0 layers)=0.8651 [58s]
2026-09-26 07:58:47 KST | e1c stage2[P] mnli@s0__yelp_polarity@s1: lam*=0.7 D=0.0465 TIES(atTA/own)=0.8270/0.9211 GATE(0 layers)=0.9535 [198s]
2026-09-26 07:59:49 KST | e1c stage2[P] mrpc@s0__qnli@s1: lam*=0.5 D=0.0528 TIES(atTA/own)=0.8519/0.9529 GATE(0 layers)=0.9472 [62s]
2026-09-26 08:00:22 KST | e1c stage2[P] mrpc@s0__rte@s1: lam*=0.7 D=0.0522 TIES(atTA/own)=0.9009/0.9543 GATE(0 layers)=0.9478 [33s]
2026-09-26 08:00:55 KST | e1c stage2[P] mrpc@s0__scitail@s1: lam*=0.7 D=0.0560 TIES(atTA/own)=0.9101/0.9359 GATE(0 layers)=0.9440 [33s]
2026-09-26 08:01:52 KST | e1c stage2[P] mrpc@s0__snli@s1: lam*=0.7 D=0.0715 TIES(atTA/own)=0.8882/0.9320 GATE(0 layers)=0.9285 [57s]
2026-09-26 08:02:14 KST | e1c stage2[P] mrpc@s0__sst2@s1: lam*=0.7 D=0.0414 TIES(atTA/own)=0.9110/0.9396 GATE(0 layers)=0.9586 [22s]
2026-09-26 08:02:43 KST | e1c stage2[P] mrpc@s0__stsb@s1: lam*=0.7 D=0.0552 TIES(atTA/own)=0.9107/0.9414 GATE(0 layers)=0.9448 [29s]
2026-09-26 08:03:01 KST | e1c stage2[P] mrpc@s0__trec@s1: lam*=1.0 D=0.0370 TIES(atTA/own)=0.9480/0.9480 GATE(0 layers)=0.9630 [19s]
2026-09-26 08:03:24 KST | e1c stage2[P] mrpc@s0__wic@s1: lam*=0.7 D=0.1028 TIES(atTA/own)=0.8828/0.8945 GATE(0 layers)=0.8972 [23s]
2026-09-26 08:06:03 KST | e1c stage2[P] mrpc@s0__yelp_polarity@s1: lam*=0.7 D=0.0669 TIES(atTA/own)=0.8682/0.8858 GATE(0 layers)=0.9331 [158s]
2026-09-26 08:07:06 KST | e1c stage2[P] qnli@s0__rte@s1: lam*=0.5 D=0.0777 TIES(atTA/own)=0.8638/0.9243 GATE(0 layers)=0.9223 [63s]
2026-09-26 08:08:08 KST | e1c stage2[P] qnli@s0__scitail@s1: lam*=0.5 D=0.0827 TIES(atTA/own)=0.8772/0.9476 GATE(0 layers)=0.9173 [62s]
2026-09-26 08:09:32 KST | e1c stage2[P] qnli@s0__snli@s1: lam*=0.5 D=0.0568 TIES(atTA/own)=0.7438/0.9445 GATE(0 layers)=0.9432 [84s]
2026-09-26 08:10:26 KST | e1c stage2[P] qnli@s0__sst2@s1: lam*=0.7 D=0.0227 TIES(atTA/own)=0.9196/0.9454 GATE(0 layers)=0.9773 [53s]
2026-09-26 08:11:27 KST | e1c stage2[P] qnli@s0__stsb@s1: lam*=0.7 D=0.0394 TIES(atTA/own)=0.9072/0.9417 GATE(0 layers)=0.9606 [61s]
2026-09-26 08:12:20 KST | e1c stage2[P] qnli@s0__trec@s1: lam*=0.7 D=0.0431 TIES(atTA/own)=0.8912/0.9275 GATE(0 layers)=0.9569 [53s]
2026-09-26 08:13:17 KST | e1c stage2[P] qnli@s0__wic@s1: lam*=0.7 D=0.0780 TIES(atTA/own)=0.8642/0.9041 GATE(0 layers)=0.9220 [56s]
2026-09-26 08:16:28 KST | e1c stage2[P] qnli@s0__yelp_polarity@s1: lam*=0.7 D=0.0176 TIES(atTA/own)=0.9082/0.9506 GATE(0 layers)=0.9824 [191s]
2026-09-26 08:17:02 KST | e1c stage2[P] rte@s0__scitail@s1: lam*=0.5 D=0.0057 TIES(atTA/own)=0.8778/0.9937 GATE(0 layers)=0.9943 [34s]
2026-09-26 08:18:00 KST | e1c stage2[P] rte@s0__snli@s1: lam*=0.5 D=0.0184 TIES(atTA/own)=0.7880/1.0109 GATE(0 layers)=0.9816 [58s]
2026-09-26 08:18:24 KST | e1c stage2[P] rte@s0__sst2@s1: lam*=0.7 D=0.0309 TIES(atTA/own)=0.9385/0.9288 GATE(0 layers)=0.9691 [24s]
2026-09-26 08:18:56 KST | e1c stage2[P] rte@s0__stsb@s1: lam*=0.7 D=0.0298 TIES(atTA/own)=0.9310/0.9502 GATE(0 layers)=0.9702 [32s]
2026-09-26 08:19:19 KST | e1c stage2[P] rte@s0__trec@s1: lam*=0.7 D=0.0227 TIES(atTA/own)=0.9231/0.9359 GATE(0 layers)=0.9773 [22s]
2026-09-26 08:19:43 KST | e1c stage2[P] rte@s0__wic@s1: lam*=0.7 D=0.0561 TIES(atTA/own)=0.9276/0.9276 GATE(0 layers)=0.9439 [25s]
2026-09-26 08:22:21 KST | e1c stage2[P] rte@s0__yelp_polarity@s1: lam*=0.7 D=0.0024 TIES(atTA/own)=0.9178/0.9484 GATE(0 layers)=0.9976 [157s]
2026-09-26 08:23:18 KST | e1c stage2[P] scitail@s0__snli@s1: lam*=0.5 D=0.0404 TIES(atTA/own)=0.7202/0.9372 GATE(0 layers)=0.9596 [57s]
2026-09-26 08:23:42 KST | e1c stage2[P] scitail@s0__sst2@s1: lam*=0.7 D=0.0317 TIES(atTA/own)=0.8607/0.9443 GATE(0 layers)=0.9683 [24s]
2026-09-26 08:24:14 KST | e1c stage2[P] scitail@s0__stsb@s1: lam*=0.7 D=0.0211 TIES(atTA/own)=0.9171/0.9805 GATE(0 layers)=0.9789 [32s]
2026-09-26 08:24:35 KST | e1c stage2[P] scitail@s0__trec@s1: lam*=1.0 D=0.0180 TIES(atTA/own)=0.9158/0.9158 GATE(0 layers)=0.9820 [21s]
2026-09-26 08:24:59 KST | e1c stage2[P] scitail@s0__wic@s1: lam*=1.0 D=0.1185 TIES(atTA/own)=0.8764/0.8764 GATE(0 layers)=0.8815 [24s]
2026-09-26 08:27:41 KST | e1c stage2[P] scitail@s0__yelp_polarity@s1: lam*=0.7 D=0.0236 TIES(atTA/own)=0.8478/0.9183 GATE(0 layers)=0.9764 [162s]
2026-09-26 08:28:30 KST | e1c stage2[P] snli@s0__sst2@s1: lam*=0.7 D=0.0363 TIES(atTA/own)=0.8758/0.9090 GATE(0 layers)=0.9637 [49s]
2026-09-26 08:29:26 KST | e1c stage2[P] snli@s0__stsb@s1: lam*=0.5 D=0.0684 TIES(atTA/own)=0.8165/0.9306 GATE(0 layers)=0.9316 [56s]
2026-09-26 08:30:05 KST | e1c stage2[P] snli@s0__trec@s1: lam*=1.0 D=0.0161 TIES(atTA/own)=0.9443/0.9443 GATE(0 layers)=0.9839 [39s]
2026-09-26 08:30:53 KST | e1c stage2[P] snli@s0__wic@s1: lam*=0.7 D=0.0879 TIES(atTA/own)=0.8122/0.9027 GATE(0 layers)=0.9121 [48s]
2026-09-26 08:33:58 KST | e1c stage2[P] snli@s0__yelp_polarity@s1: lam*=0.7 D=0.0257 TIES(atTA/own)=0.8531/0.9453 GATE(0 layers)=0.9743 [185s]
2026-09-26 08:34:20 KST | e1c stage2[P] sst2@s0__stsb@s1: lam*=0.5 D=0.0223 TIES(atTA/own)=0.9574/0.9624 GATE(0 layers)=0.9777 [22s]
2026-09-26 08:34:32 KST | e1c stage2[P] sst2@s0__trec@s1: lam*=0.7 D=0.0107 TIES(atTA/own)=0.9716/0.9790 GATE(0 layers)=0.9893 [12s]
2026-09-26 08:34:48 KST | e1c stage2[P] sst2@s0__wic@s1: lam*=0.5 D=0.0212 TIES(atTA/own)=0.9440/0.9606 GATE(0 layers)=0.9788 [15s]
2026-09-26 08:37:14 KST | e1c stage2[P] sst2@s0__yelp_polarity@s1: lam*=0.7 D=0.0095 TIES(atTA/own)=0.9822/0.9853 GATE(0 layers)=0.9905 [147s]
2026-09-26 08:37:34 KST | e1c stage2[P] stsb@s0__trec@s1: lam*=0.7 D=0.0221 TIES(atTA/own)=0.9486/0.9686 GATE(0 layers)=0.9779 [19s]
2026-09-26 08:37:56 KST | e1c stage2[P] stsb@s0__wic@s1: lam*=0.7 D=0.0190 TIES(atTA/own)=0.9706/0.9816 GATE(0 layers)=0.9810 [22s]
2026-09-26 08:40:32 KST | e1c stage2[P] stsb@s0__yelp_polarity@s1: lam*=0.5 D=0.0173 TIES(atTA/own)=0.9607/0.9738 GATE(0 layers)=0.9827 [156s]
2026-09-26 08:40:46 KST | e1c stage2[P] trec@s0__wic@s1: lam*=0.7 D=0.0122 TIES(atTA/own)=0.9499/0.9746 GATE(0 layers)=0.9878 [13s]
2026-09-26 08:43:17 KST | e1c stage2[P] trec@s0__yelp_polarity@s1: lam*=0.7 D=0.0100 TIES(atTA/own)=0.9597/0.9812 GATE(0 layers)=0.9900 [152s]
2026-09-26 08:45:48 KST | e1c stage2[P] wic@s0__yelp_polarity@s1: lam*=0.7 D=0.0247 TIES(atTA/own)=0.9448/0.9476 GATE(0 layers)=0.9753 [151s]
2026-09-26 08:45:48 KST | e1c stage2 P done
