2026-09-26 05:39:47 KST | === e1c.py ['e1c.py', '--stage', 'equiv']
2026-09-26 05:40:50 KST | equiv stage1: {'n_ref': 91, 'n_matched': 91, 'max_rel_diff': {'O_A': 0.0, 'O_B': 0.0, 'tv_cosine': 0.0, 'mean_theta_min_A_deg': 0.0, 'min_theta_min_A_deg': 0.0, 'n_layers_theta_min_lt30_A': 0.0, 'mean_theta_min_B_deg': 0.0, 'null_z_O_A': 0.0, 'sign_conflict_top20': 0.0, 'sign_conflict_all': 0.0, 'norm_ratio': 0.0, 'tvnorm_t1': 0.0, 'tvnorm_t2': 0.0}, 'stage1_ok': True}
2026-09-26 05:40:58 KST | e1c stage2[equiv] cola@s0__sst2@s0: lam*=0.7 D=0.0630 TIES(atTA/own)=0.8975/0.9206 GATE(0 layers)=0.9370 [5s]
2026-09-26 05:41:09 KST | e1c stage2[equiv] rte@s0__wic@s0: lam*=0.7 D=0.0557 TIES(atTA/own)=0.9207/0.9398 GATE(0 layers)=0.9443 [12s]
2026-09-26 05:41:09 KST | equiv done: ok=True stage2={'cola-sst2': {'max_abs_diff': np.float64(4.899336492059092e-11), 'lam_equal': True}, 'rte-wic': {'max_abs_diff': np.float64(4.2599257454867256e-11), 'lam_equal': True}}
2026-09-26 06:32:29 KST | === e1c.py ['e1c.py', '--stage', 'stage0']
2026-09-26 06:32:33 KST | stage0 cola: eval=0.8360 hold=0.8210 a=True b=True c=True (diff 1.1e-05) valid=True []
2026-09-26 06:32:34 KST | stage0 sst2: eval=0.9174 hold=0.9460 a=True b=True c=True (diff 5.1e-06) valid=True []
2026-09-26 06:32:36 KST | stage0 mrpc: eval=0.8529 hold=0.8250 a=True b=True c=True (diff 7.6e-06) valid=True []
2026-09-26 06:32:37 KST | stage0 stsb: eval=0.8942 hold=0.8601 a=True b=True c=True (diff 2.4e-06) valid=True []
2026-09-26 06:32:42 KST | stage0 mnli: eval=0.8202 hold=0.8290 a=True b=True c=True (diff 5.3e-06) valid=True []
2026-09-26 06:32:46 KST | stage0 qnli: eval=0.8931 hold=0.8740 a=True b=True c=True (diff 2.6e-06) valid=True []
2026-09-26 06:32:48 KST | stage0 rte: eval=0.6570 hold=0.6850 a=True b=True c=True (diff 9.3e-06) valid=True []
2026-09-26 06:32:49 KST | stage0 wic: eval=0.6991 hold=0.7890 a=True b=None c=True (diff 2.4e-05) valid=True []
2026-09-26 06:32:52 KST | stage0 snli: eval=0.8693 hold=0.8610 a=True b=None c=True (diff 4.6e-06) valid=True []
2026-09-26 06:32:54 KST | stage0 scitail: eval=0.9379 hold=0.9490 a=True b=None c=True (diff 1.2e-05) valid=True []
2026-09-26 06:32:59 KST | stage0 ag_news: eval=0.9405 hold=0.9510 a=True b=None c=True (diff 8.0e-06) valid=True []
2026-09-26 06:33:14 KST | stage0 imdb: eval=0.8898 hold=0.8870 a=True b=None c=True (diff 5.8e-06) valid=True []
2026-09-26 06:33:15 KST | stage0 trec: eval=0.9780 hold=0.9600 a=True b=None c=True (diff 3.6e-06) valid=True []
2026-09-26 06:33:27 KST | stage0 yelp_polarity: eval=0.9403 hold=0.9440 a=True b=None c=True (diff 3.5e-06) valid=True []
2026-09-26 06:33:27 KST | stage0 done: 14 valid ['cola', 'sst2', 'mrpc', 'stsb', 'mnli', 'qnli', 'rte', 'wic', 'snli', 'scitail', 'ag_news', 'imdb', 'trec', 'yelp_polarity']; excluded {}; pass=True
2026-09-26 06:33:29 KST | stage0 cola: eval=0.8236 hold=0.8180 a=True b=True c=True (diff 9.7e-06) valid=True []
2026-09-26 06:33:30 KST | stage0 sst2: eval=0.9186 hold=0.9540 a=True b=True c=True (diff 1.8e-06) valid=True []
2026-09-26 06:33:31 KST | stage0 mrpc: eval=0.8505 hold=0.8210 a=True b=True c=True (diff 8.7e-06) valid=True []
2026-09-26 06:33:32 KST | stage0 stsb: eval=0.8894 hold=0.8657 a=True b=True c=True (diff 1.9e-06) valid=True []
2026-09-26 06:33:37 KST | stage0 mnli: eval=0.8237 hold=0.8310 a=True b=True c=True (diff 3.0e-06) valid=True []
2026-09-26 06:33:41 KST | stage0 qnli: eval=0.8977 hold=0.8860 a=True b=True c=True (diff 5.8e-06) valid=True []
2026-09-26 06:33:43 KST | stage0 rte: eval=0.6426 hold=0.6730 a=True b=True c=True (diff 1.2e-05) valid=True []
2026-09-26 06:33:44 KST | stage0 wic: eval=0.6959 hold=0.7890 a=True b=None c=True (diff 2.6e-05) valid=True []
2026-09-26 06:33:48 KST | stage0 snli: eval=0.8702 hold=0.8470 a=True b=None c=True (diff 4.2e-06) valid=True []
2026-09-26 06:33:49 KST | stage0 scitail: eval=0.9333 hold=0.9650 a=True b=None c=True (diff 4.3e-06) valid=True []
2026-09-26 06:33:54 KST | stage0 ag_news: eval=0.9387 hold=0.9540 a=True b=None c=True (diff 4.6e-06) valid=True []
2026-09-26 06:34:09 KST | stage0 imdb: eval=0.8898 hold=0.8830 a=True b=None c=True (diff 4.4e-06) valid=True []
2026-09-26 06:34:10 KST | stage0 trec: eval=0.9660 hold=0.9570 a=True b=None c=True (diff 3.3e-06) valid=True []
2026-09-26 06:34:22 KST | stage0 yelp_polarity: eval=0.9407 hold=0.9540 a=True b=None c=True (diff 3.8e-06) valid=True []
2026-09-26 06:34:22 KST | stage0 done: 14 valid ['cola', 'sst2', 'mrpc', 'stsb', 'mnli', 'qnli', 'rte', 'wic', 'snli', 'scitail', 'ag_news', 'imdb', 'trec', 'yelp_polarity']; excluded {}; pass=True
2026-09-26 06:34:22 KST | e1c stage0: valid 14 ['cola', 'sst2', 'mrpc', 'stsb', 'mnli', 'qnli', 'rte', 'wic', 'snli', 'scitail', 'ag_news', 'imdb', 'trec', 'yelp_polarity']; excluded {}; recheck_ok=True; n={'P': 91, 'S1': 91, 'S2': 14, 'R0': 91}
2026-09-26 06:34:22 KST | === e1c.py ['e1c.py', '--stage', 'stage1']
2026-09-26 06:35:50 KST | e1c stage1 done; frozen predictors_e1c.sha256:
abe06c01b1208009590d28fbb783afa6f6eec2695988200d14d0f3be5bac75b8  predictors_e1c.csv
f87513d1299d4ec09c681be56038692caa0f35159b8e90b8768a3510048d9c12  predictors_layers_e1c.csv
9d7625af0750947ceaba988bedaec9e25182f98ac1b4e89392502d4aa7a2ce9f  predictors_null_e1c.json
6cf653346ed37c052df75848dd3215a8202d7dfd970c582df7b9db490212b68a  predictors_aux_e1c.json

2026-09-26 06:35:51 KST | === e1c.py ['e1c.py', '--stage', 'stage2', '--pop', 'P']
2026-09-26 06:35:51 KST | === e1c.py ['e1c.py', '--stage', 'stage2', '--pop', 'S2']
2026-09-26 06:36:04 KST | e1c stage2[S2] cola@s0__cola@s1: lam*=0.5 D=0.0016 TIES(atTA/own)=0.9493/0.9983 GATE(0 layers)=0.9984 [9s]
2026-09-26 06:36:18 KST | e1c stage2[S2] sst2@s0__sst2@s1: lam*=0.5 D=-0.0125 TIES(atTA/own)=0.9919/0.9963 GATE(0 layers)=1.0125 [15s]
2026-09-26 06:36:46 KST | e1c stage2[S2] mrpc@s0__mrpc@s1: lam*=0.5 D=-0.0043 TIES(atTA/own)=0.8662/1.0115 GATE(0 layers)=1.0043 [28s]
2026-09-26 06:36:56 KST | e1c stage2[P] ag_news@s0__cola@s1: lam*=0.7 D=0.0574 TIES(atTA/own)=0.8889/0.9278 GATE(0 layers)=0.9426 [61s]
2026-09-26 06:37:15 KST | e1c stage2[S2] stsb@s0__stsb@s1: lam*=0.5 D=-0.0012 TIES(atTA/own)=1.0005/1.0028 GATE(0 layers)=1.0012 [28s]
2026-09-26 06:39:15 KST | e1c stage2[S2] mnli@s0__mnli@s1: lam*=0.5 D=0.0005 TIES(atTA/own)=0.7465/0.9732 GATE(0 layers)=0.9995 [120s]
2026-09-26 06:40:50 KST | e1c stage2[P] ag_news@s0__imdb@s1: lam*=0.7 D=0.0126 TIES(atTA/own)=0.9531/0.9735 GATE(0 layers)=0.9874 [234s]
2026-09-26 06:40:50 KST | e1c stage2[S2] qnli@s0__qnli@s1: lam*=0.5 D=-0.0079 TIES(atTA/own)=0.9045/0.9968 GATE(0 layers)=1.0079 [95s]
2026-09-26 06:41:25 KST | e1c stage2[S2] rte@s0__rte@s1: lam*=0.5 D=-0.0222 TIES(atTA/own)=0.9250/1.0336 GATE(0 layers)=1.0222 [35s]
2026-09-26 06:41:41 KST | e1c stage2[S2] wic@s0__wic@s1: lam*=0.5 D=0.0022 TIES(atTA/own)=0.9854/1.0112 GATE(0 layers)=0.9978 [16s]
2026-09-26 06:42:29 KST | e1c stage2[P] ag_news@s0__mnli@s1: lam*=1.0 D=0.0727 TIES(atTA/own)=0.8562/0.8562 GATE(0 layers)=0.9273 [99s]
2026-09-26 06:43:01 KST | e1c stage2[S2] snli@s0__snli@s1: lam*=0.5 D=0.0030 TIES(atTA/own)=0.8479/0.9933 GATE(0 layers)=0.9970 [80s]
2026-09-26 06:43:36 KST | e1c stage2[S2] scitail@s0__scitail@s1: lam*=0.5 D=-0.0098 TIES(atTA/own)=0.8447/1.0086 GATE(0 layers)=1.0098 [35s]
2026-09-26 06:43:42 KST | e1c stage2[P] ag_news@s0__mrpc@s1: lam*=0.7 D=0.0531 TIES(atTA/own)=0.8787/0.9180 GATE(0 layers)=0.9469 [73s]
2026-09-26 06:45:30 KST | e1c stage2[P] ag_news@s0__qnli@s1: lam*=0.7 D=0.0584 TIES(atTA/own)=0.8300/0.8795 GATE(0 layers)=0.9416 [107s]
2026-09-26 06:45:36 KST | e1c stage2[S2] ag_news@s0__ag_news@s1: lam*=0.7 D=0.0054 TIES(atTA/own)=0.9613/0.9878 GATE(0 layers)=0.9946 [121s]
2026-09-26 06:46:50 KST | e1c stage2[P] ag_news@s0__rte@s1: lam*=0.7 D=0.0653 TIES(atTA/own)=0.9068/0.9053 GATE(0 layers)=0.9347 [80s]
2026-09-26 06:48:11 KST | e1c stage2[P] ag_news@s0__scitail@s1: lam*=0.7 D=0.0566 TIES(atTA/own)=0.8346/0.9024 GATE(0 layers)=0.9434 [81s]
2026-09-26 06:49:56 KST | e1c stage2[P] ag_news@s0__snli@s1: lam*=0.7 D=0.0301 TIES(atTA/own)=0.8515/0.9364 GATE(0 layers)=0.9699 [105s]
2026-09-26 06:51:07 KST | e1c stage2[P] ag_news@s0__sst2@s1: lam*=0.7 D=0.0185 TIES(atTA/own)=0.9489/0.9627 GATE(0 layers)=0.9815 [71s]
2026-09-26 06:51:23 KST | e1c stage2[S2] imdb@s0__imdb@s1: lam*=0.5 D=-0.0039 TIES(atTA/own)=0.9784/0.9998 GATE(0 layers)=1.0039 [347s]
2026-09-26 06:51:33 KST | e1c stage2[S2] trec@s0__trec@s1: lam*=0.5 D=0.0010 TIES(atTA/own)=0.9578/0.9970 GATE(0 layers)=0.9990 [10s]
2026-09-26 06:52:23 KST | e1c stage2[P] ag_news@s0__stsb@s1: lam*=0.5 D=0.0507 TIES(atTA/own)=0.8865/0.9301 GATE(0 layers)=0.9493 [75s]
2026-09-26 06:53:30 KST | e1c stage2[P] ag_news@s0__trec@s1: lam*=0.7 D=0.0226 TIES(atTA/own)=0.9003/0.9365 GATE(0 layers)=0.9774 [67s]
2026-09-26 06:54:41 KST | e1c stage2[P] ag_news@s0__wic@s1: lam*=0.7 D=0.0046 TIES(atTA/own)=0.9440/0.9604 GATE(0 layers)=0.9954 [71s]
2026-09-26 06:56:16 KST | e1c stage2[S2] yelp_polarity@s0__yelp_polarity@s1: lam*=0.7 D=-0.0009 TIES(atTA/own)=1.0007/1.0005 GATE(0 layers)=1.0009 [283s]
2026-09-26 06:56:16 KST | e1c stage2 S2 done
2026-09-26 06:56:17 KST | === e1c.py ['e1c.py', '--stage', 'e3same', '--mem-frac', '0.45']
2026-09-26 06:57:47 KST | e1c stage2[P] ag_news@s0__yelp_polarity@s1: lam*=0.7 D=0.0142 TIES(atTA/own)=0.9513/0.9712 GATE(0 layers)=0.9858 [186s]
2026-09-26 07:00:10 KST | e1c stage2[P] cola@s0__imdb@s1: lam*=1.0 D=0.0483 TIES(atTA/own)=0.9362/0.9362 GATE(0 layers)=0.9517 [143s]
2026-09-26 07:01:04 KST | e1c stage2[P] cola@s0__mnli@s1: lam*=1.0 D=0.0921 TIES(atTA/own)=0.8574/0.8574 GATE(0 layers)=0.9079 [54s]
2026-09-26 07:01:22 KST | e1c stage2[P] cola@s0__mrpc@s1: lam*=1.0 D=0.0704 TIES(atTA/own)=0.9202/0.9202 GATE(0 layers)=0.9296 [18s]
2026-09-26 07:02:12 KST | e1c stage2[P] cola@s0__qnli@s1: lam*=0.7 D=0.0356 TIES(atTA/own)=0.8741/0.9330 GATE(0 layers)=0.9644 [50s]
2026-09-26 07:02:34 KST | e1c stage2[P] cola@s0__rte@s1: lam*=0.7 D=0.0253 TIES(atTA/own)=0.9094/0.9653 GATE(0 layers)=0.9747 [22s]
2026-09-26 07:02:53 KST | e1c stage2[P] cola@s0__scitail@s1: lam*=1.0 D=0.0381 TIES(atTA/own)=0.9084/0.9084 GATE(0 layers)=0.9619 [19s]
2026-09-26 07:03:39 KST | e1c stage2[P] cola@s0__snli@s1: lam*=0.7 D=0.0660 TIES(atTA/own)=0.8346/0.9138 GATE(0 layers)=0.9340 [45s]
2026-09-26 07:03:50 KST | e1c stage2[P] cola@s0__sst2@s1: lam*=1.0 D=0.0309 TIES(atTA/own)=0.9595/0.9595 GATE(0 layers)=0.9691 [12s]
2026-09-26 07:04:09 KST | e1c stage2[P] cola@s0__stsb@s1: lam*=0.7 D=0.0432 TIES(atTA/own)=0.9479/0.9503 GATE(0 layers)=0.9568 [19s]
2026-09-26 07:04:18 KST | e1c stage2[P] cola@s0__trec@s1: lam*=1.0 D=0.0257 TIES(atTA/own)=0.9672/0.9672 GATE(0 layers)=0.9743 [9s]
2026-09-26 07:04:31 KST | e1c stage2[P] cola@s0__wic@s1: lam*=0.7 D=0.0346 TIES(atTA/own)=0.9308/0.9400 GATE(0 layers)=0.9654 [13s]
2026-09-26 07:06:33 KST | e1c stage2[P] cola@s0__yelp_polarity@s1: lam*=1.0 D=0.0389 TIES(atTA/own)=0.9636/0.9636 GATE(0 layers)=0.9611 [122s]
2026-09-26 07:10:06 KST | e1c stage2[P] imdb@s0__mnli@s1: lam*=0.7 D=0.0349 TIES(atTA/own)=0.7752/0.9004 GATE(0 layers)=0.9651 [213s]
2026-09-26 07:13:08 KST | e1c stage2[P] imdb@s0__mrpc@s1: lam*=0.7 D=0.0543 TIES(atTA/own)=0.8974/0.9274 GATE(0 layers)=0.9457 [182s]
2026-09-26 07:16:52 KST | e1c stage2[P] imdb@s0__qnli@s1: lam*=0.7 D=0.0256 TIES(atTA/own)=0.9040/0.9459 GATE(0 layers)=0.9744 [224s]
2026-09-26 07:20:10 KST | e1c stage2[P] imdb@s0__rte@s1: lam*=0.7 D=0.0163 TIES(atTA/own)=0.9476/0.9794 GATE(0 layers)=0.9837 [198s]
2026-09-26 07:23:01 KST | e1c stage2[P] imdb@s0__scitail@s1: lam*=1.0 D=0.0173 TIES(atTA/own)=0.9419/0.9419 GATE(0 layers)=0.9827 [171s]
2026-09-26 07:26:33 KST | e1c stage2[P] imdb@s0__snli@s1: lam*=0.7 D=0.0257 TIES(atTA/own)=0.8898/0.9619 GATE(0 layers)=0.9743 [213s]
2026-09-26 07:29:37 KST | e1c stage2[P] imdb@s0__sst2@s1: lam*=0.5 D=0.0043 TIES(atTA/own)=0.9788/0.9830 GATE(0 layers)=0.9957 [184s]
2026-09-26 07:30:48 KST | e1c e3same done
2026-09-26 07:30:48 KST | === e1c.py ['e1c.py', '--stage', 'stage2', '--pop', 'S1']
2026-09-26 07:31:04 KST | e1c stage2[S1] cola@s1__sst2@s1: lam*=1.0 D=0.0579 TIES(atTA/own)=0.9504/0.9504 GATE(0 layers)=0.9421 [12s]
2026-09-26 07:31:25 KST | e1c stage2[S1] cola@s1__mrpc@s1: lam*=0.7 D=0.0681 TIES(atTA/own)=0.8840/0.9118 GATE(0 layers)=0.9319 [20s]
2026-09-26 07:31:45 KST | e1c stage2[S1] cola@s1__stsb@s1: lam*=0.7 D=0.0563 TIES(atTA/own)=0.9323/0.9487 GATE(0 layers)=0.9437 [20s]
2026-09-26 07:32:40 KST | e1c stage2[P] imdb@s0__stsb@s1: lam*=0.7 D=0.0103 TIES(atTA/own)=0.9798/0.9838 GATE(0 layers)=0.9897 [183s]
2026-09-26 07:32:42 KST | e1c stage2[S1] cola@s1__mnli@s1: lam*=1.0 D=0.1146 TIES(atTA/own)=0.8583/0.8583 GATE(0 layers)=0.8854 [57s]
2026-09-26 07:33:29 KST | e1c stage2[S1] cola@s1__qnli@s1: lam*=1.0 D=0.0568 TIES(atTA/own)=0.9275/0.9275 GATE(0 layers)=0.9432 [47s]
2026-09-26 07:33:52 KST | e1c stage2[S1] cola@s1__rte@s1: lam*=0.7 D=0.0404 TIES(atTA/own)=0.8867/0.9186 GATE(0 layers)=0.9596 [23s]
2026-09-26 07:34:06 KST | e1c stage2[S1] cola@s1__wic@s1: lam*=0.7 D=0.0419 TIES(atTA/own)=0.9437/0.9626 GATE(0 layers)=0.9581 [14s]
2026-09-26 07:34:47 KST | e1c stage2[S1] cola@s1__snli@s1: lam*=1.0 D=0.0826 TIES(atTA/own)=0.9011/0.9011 GATE(0 layers)=0.9174 [41s]
2026-09-26 07:35:09 KST | e1c stage2[S1] cola@s1__scitail@s1: lam*=1.0 D=0.0485 TIES(atTA/own)=0.9121/0.9121 GATE(0 layers)=0.9515 [22s]
2026-09-26 07:35:34 KST | e1c stage2[P] imdb@s0__trec@s1: lam*=0.7 D=0.0101 TIES(atTA/own)=0.9685/0.9853 GATE(0 layers)=0.9899 [174s]
2026-09-26 07:36:08 KST | e1c stage2[S1] cola@s1__ag_news@s1: lam*=1.0 D=0.0470 TIES(atTA/own)=0.9439/0.9439 GATE(0 layers)=0.9530 [59s]
2026-09-26 07:38:42 KST | e1c stage2[P] imdb@s0__wic@s1: lam*=0.7 D=0.0173 TIES(atTA/own)=0.9657/0.9846 GATE(0 layers)=0.9827 [188s]
2026-09-26 07:38:47 KST | e1c stage2[S1] cola@s1__imdb@s1: lam*=1.0 D=0.0364 TIES(atTA/own)=0.9466/0.9466 GATE(0 layers)=0.9636 [159s]
2026-09-26 07:38:57 KST | e1c stage2[S1] cola@s1__trec@s1: lam*=1.0 D=0.0395 TIES(atTA/own)=0.9429/0.9429 GATE(0 layers)=0.9605 [10s]
2026-09-26 07:41:08 KST | e1c stage2[S1] cola@s1__yelp_polarity@s1: lam*=1.0 D=0.0362 TIES(atTA/own)=0.9562/0.9562 GATE(0 layers)=0.9638 [131s]
2026-09-26 07:41:30 KST | e1c stage2[S1] sst2@s1__mrpc@s1: lam*=0.7 D=0.0427 TIES(atTA/own)=0.9132/0.9372 GATE(0 layers)=0.9573 [23s]
2026-09-26 07:41:53 KST | e1c stage2[S1] sst2@s1__stsb@s1: lam*=0.5 D=0.0305 TIES(atTA/own)=0.9589/0.9601 GATE(0 layers)=0.9695 [23s]
2026-09-26 07:43:01 KST | e1c stage2[S1] sst2@s1__mnli@s1: lam*=0.7 D=0.0500 TIES(atTA/own)=0.8597/0.9215 GATE(0 layers)=0.9500 [68s]
2026-09-26 07:43:57 KST | e1c stage2[S1] sst2@s1__qnli@s1: lam*=0.7 D=0.0263 TIES(atTA/own)=0.9166/0.9438 GATE(0 layers)=0.9737 [56s]
2026-09-26 07:43:58 KST | e1c stage2[P] imdb@s0__yelp_polarity@s1: lam*=0.5 D=0.0030 TIES(atTA/own)=0.9743/0.9929 GATE(0 layers)=0.9970 [316s]
2026-09-26 07:44:21 KST | e1c stage2[S1] sst2@s1__rte@s1: lam*=0.5 D=0.0505 TIES(atTA/own)=0.9057/0.9229 GATE(0 layers)=0.9495 [24s]
2026-09-26 07:44:37 KST | e1c stage2[S1] sst2@s1__wic@s1: lam*=0.5 D=0.0293 TIES(atTA/own)=0.9352/0.9401 GATE(0 layers)=0.9707 [15s]
2026-09-26 07:45:09 KST | e1c stage2[P] mnli@s0__mrpc@s1: lam*=0.5 D=0.0754 TIES(atTA/own)=0.7109/0.9250 GATE(0 layers)=0.9246 [71s]
2026-09-26 07:45:24 KST | e1c stage2[S1] sst2@s1__snli@s1: lam*=0.7 D=0.0357 TIES(atTA/own)=0.8990/0.9333 GATE(0 layers)=0.9643 [47s]
2026-09-26 07:45:49 KST | e1c stage2[S1] sst2@s1__scitail@s1: lam*=0.7 D=0.0546 TIES(atTA/own)=0.8852/0.9421 GATE(0 layers)=0.9454 [25s]
2026-09-26 07:46:52 KST | e1c stage2[P] mnli@s0__qnli@s1: lam*=0.5 D=0.1778 TIES(atTA/own)=0.7437/0.8246 GATE(0 layers)=0.8222 [103s]
2026-09-26 07:46:57 KST | e1c stage2[S1] sst2@s1__ag_news@s1: lam*=0.7 D=0.0144 TIES(atTA/own)=0.9393/0.9637 GATE(0 layers)=0.9856 [68s]
2026-09-26 07:48:10 KST | e1c stage2[P] mnli@s0__rte@s1: lam*=0.5 D=0.0592 TIES(atTA/own)=0.7972/0.8506 GATE(0 layers)=0.9408 [78s]
2026-09-26 07:49:28 KST | e1c stage2[P] mnli@s0__scitail@s1: lam*=0.5 D=0.0852 TIES(atTA/own)=0.7328/0.8858 GATE(0 layers)=0.9148 [79s]
2026-09-26 07:49:58 KST | e1c stage2[S1] sst2@s1__imdb@s1: lam*=0.7 D=0.0091 TIES(atTA/own)=0.9895/0.9805 GATE(0 layers)=0.9909 [181s]
2026-09-26 07:50:11 KST | e1c stage2[S1] sst2@s1__trec@s1: lam*=0.7 D=0.0148 TIES(atTA/own)=0.9329/0.9586 GATE(0 layers)=0.9852 [12s]
2026-09-26 07:51:08 KST | e1c stage2[P] mnli@s0__snli@s1: lam*=0.5 D=0.0773 TIES(atTA/own)=0.7516/0.9144 GATE(0 layers)=0.9227 [99s]
2026-09-26 07:52:16 KST | e1c stage2[P] mnli@s0__sst2@s1: lam*=0.7 D=0.0481 TIES(atTA/own)=0.8511/0.9138 GATE(0 layers)=0.9519 [68s]
2026-09-26 07:52:39 KST | e1c stage2[S1] sst2@s1__yelp_polarity@s1: lam*=0.5 D=0.0132 TIES(atTA/own)=0.9787/0.9838 GATE(0 layers)=0.9868 [148s]
2026-09-26 07:53:07 KST | e1c stage2[S1] mrpc@s1__stsb@s1: lam*=0.7 D=0.0556 TIES(atTA/own)=0.8985/0.9305 GATE(0 layers)=0.9444 [29s]
2026-09-26 07:53:28 KST | e1c stage2[P] mnli@s0__stsb@s1: lam*=0.7 D=0.0670 TIES(atTA/own)=0.8509/0.9177 GATE(0 layers)=0.9330 [72s]
2026-09-26 07:54:19 KST | e1c stage2[S1] mrpc@s1__mnli@s1: lam*=0.5 D=0.0598 TIES(atTA/own)=0.7052/0.9435 GATE(0 layers)=0.9402 [72s]
2026-09-26 07:54:31 KST | e1c stage2[P] mnli@s0__trec@s1: lam*=0.7 D=0.0474 TIES(atTA/own)=0.6492/0.7964 GATE(0 layers)=0.9526 [63s]
2026-09-26 07:55:19 KST | e1c stage2[S1] mrpc@s1__qnli@s1: lam*=0.5 D=0.0475 TIES(atTA/own)=0.8284/0.9656 GATE(0 layers)=0.9525 [60s]
2026-09-26 07:55:28 KST | e1c stage2[P] mnli@s0__wic@s1: lam*=1.0 D=0.1349 TIES(atTA/own)=0.8800/0.8800 GATE(0 layers)=0.8651 [58s]
2026-09-26 07:55:51 KST | e1c stage2[S1] mrpc@s1__rte@s1: lam*=0.7 D=0.0956 TIES(atTA/own)=0.8840/0.8954 GATE(0 layers)=0.9044 [31s]
2026-09-26 07:56:12 KST | e1c stage2[S1] mrpc@s1__wic@s1: lam*=1.0 D=0.0980 TIES(atTA/own)=0.8967/0.8967 GATE(0 layers)=0.9020 [22s]
2026-09-26 07:57:08 KST | e1c stage2[S1] mrpc@s1__snli@s1: lam*=0.7 D=0.0704 TIES(atTA/own)=0.8921/0.9507 GATE(0 layers)=0.9296 [56s]
2026-09-26 07:57:41 KST | e1c stage2[S1] mrpc@s1__scitail@s1: lam*=0.5 D=0.0545 TIES(atTA/own)=0.8018/0.9525 GATE(0 layers)=0.9455 [32s]
2026-09-26 07:58:47 KST | e1c stage2[P] mnli@s0__yelp_polarity@s1: lam*=0.7 D=0.0465 TIES(atTA/own)=0.8270/0.9211 GATE(0 layers)=0.9535 [198s]
2026-09-26 07:58:57 KST | e1c stage2[S1] mrpc@s1__ag_news@s1: lam*=0.7 D=0.0868 TIES(atTA/own)=0.8552/0.8896 GATE(0 layers)=0.9132 [76s]
2026-09-26 07:59:49 KST | e1c stage2[P] mrpc@s0__qnli@s1: lam*=0.5 D=0.0528 TIES(atTA/own)=0.8519/0.9529 GATE(0 layers)=0.9472 [62s]
2026-09-26 08:00:22 KST | e1c stage2[P] mrpc@s0__rte@s1: lam*=0.7 D=0.0522 TIES(atTA/own)=0.9009/0.9543 GATE(0 layers)=0.9478 [33s]
2026-09-26 08:00:55 KST | e1c stage2[P] mrpc@s0__scitail@s1: lam*=0.7 D=0.0560 TIES(atTA/own)=0.9101/0.9359 GATE(0 layers)=0.9440 [33s]
2026-09-26 08:01:52 KST | e1c stage2[P] mrpc@s0__snli@s1: lam*=0.7 D=0.0715 TIES(atTA/own)=0.8882/0.9320 GATE(0 layers)=0.9285 [57s]
2026-09-26 08:02:05 KST | e1c stage2[S1] mrpc@s1__imdb@s1: lam*=0.7 D=0.1125 TIES(atTA/own)=0.8388/0.8597 GATE(0 layers)=0.8875 [188s]
2026-09-26 08:02:14 KST | e1c stage2[P] mrpc@s0__sst2@s1: lam*=0.7 D=0.0414 TIES(atTA/own)=0.9110/0.9396 GATE(0 layers)=0.9586 [22s]
2026-09-26 08:02:23 KST | e1c stage2[S1] mrpc@s1__trec@s1: lam*=1.0 D=0.0340 TIES(atTA/own)=0.9374/0.9374 GATE(0 layers)=0.9660 [18s]
2026-09-26 08:02:43 KST | e1c stage2[P] mrpc@s0__stsb@s1: lam*=0.7 D=0.0552 TIES(atTA/own)=0.9107/0.9414 GATE(0 layers)=0.9448 [29s]
2026-09-26 08:03:01 KST | e1c stage2[P] mrpc@s0__trec@s1: lam*=1.0 D=0.0370 TIES(atTA/own)=0.9480/0.9480 GATE(0 layers)=0.9630 [19s]
2026-09-26 08:03:24 KST | e1c stage2[P] mrpc@s0__wic@s1: lam*=0.7 D=0.1028 TIES(atTA/own)=0.8828/0.8945 GATE(0 layers)=0.8972 [23s]
2026-09-26 08:05:00 KST | e1c stage2[S1] mrpc@s1__yelp_polarity@s1: lam*=0.7 D=0.0692 TIES(atTA/own)=0.8788/0.8766 GATE(0 layers)=0.9308 [157s]
2026-09-26 08:06:03 KST | e1c stage2[P] mrpc@s0__yelp_polarity@s1: lam*=0.7 D=0.0669 TIES(atTA/own)=0.8682/0.8858 GATE(0 layers)=0.9331 [158s]
2026-09-26 08:06:14 KST | e1c stage2[S1] stsb@s1__mnli@s1: lam*=0.7 D=0.0870 TIES(atTA/own)=0.8324/0.9066 GATE(0 layers)=0.9130 [74s]
2026-09-26 08:07:06 KST | e1c stage2[P] qnli@s0__rte@s1: lam*=0.5 D=0.0777 TIES(atTA/own)=0.8638/0.9243 GATE(0 layers)=0.9223 [63s]
2026-09-26 08:07:15 KST | e1c stage2[S1] stsb@s1__qnli@s1: lam*=0.7 D=0.0425 TIES(atTA/own)=0.9063/0.9406 GATE(0 layers)=0.9575 [61s]
2026-09-26 08:07:47 KST | e1c stage2[S1] stsb@s1__rte@s1: lam*=0.5 D=0.0396 TIES(atTA/own)=0.9579/0.9865 GATE(0 layers)=0.9604 [32s]
2026-09-26 08:08:08 KST | e1c stage2[P] qnli@s0__scitail@s1: lam*=0.5 D=0.0827 TIES(atTA/own)=0.8772/0.9476 GATE(0 layers)=0.9173 [62s]
2026-09-26 08:08:09 KST | e1c stage2[S1] stsb@s1__wic@s1: lam*=0.7 D=0.0093 TIES(atTA/own)=0.9695/0.9778 GATE(0 layers)=0.9907 [22s]
2026-09-26 08:09:03 KST | e1c stage2[S1] stsb@s1__snli@s1: lam*=0.5 D=0.0684 TIES(atTA/own)=0.8192/0.9241 GATE(0 layers)=0.9316 [54s]
2026-09-26 08:09:32 KST | e1c stage2[P] qnli@s0__snli@s1: lam*=0.5 D=0.0568 TIES(atTA/own)=0.7438/0.9445 GATE(0 layers)=0.9432 [84s]
2026-09-26 08:09:34 KST | e1c stage2[S1] stsb@s1__scitail@s1: lam*=0.7 D=0.0194 TIES(atTA/own)=0.9217/0.9878 GATE(0 layers)=0.9806 [31s]
2026-09-26 08:10:26 KST | e1c stage2[P] qnli@s0__sst2@s1: lam*=0.7 D=0.0227 TIES(atTA/own)=0.9196/0.9454 GATE(0 layers)=0.9773 [53s]
2026-09-26 08:10:49 KST | e1c stage2[S1] stsb@s1__ag_news@s1: lam*=0.5 D=0.0423 TIES(atTA/own)=0.8469/0.9086 GATE(0 layers)=0.9577 [75s]
2026-09-26 08:11:27 KST | e1c stage2[P] qnli@s0__stsb@s1: lam*=0.7 D=0.0394 TIES(atTA/own)=0.9072/0.9417 GATE(0 layers)=0.9606 [61s]
2026-09-26 08:12:20 KST | e1c stage2[P] qnli@s0__trec@s1: lam*=0.7 D=0.0431 TIES(atTA/own)=0.8912/0.9275 GATE(0 layers)=0.9569 [53s]
2026-09-26 08:13:17 KST | e1c stage2[P] qnli@s0__wic@s1: lam*=0.7 D=0.0780 TIES(atTA/own)=0.8642/0.9041 GATE(0 layers)=0.9220 [56s]
2026-09-26 08:13:58 KST | e1c stage2[S1] stsb@s1__imdb@s1: lam*=0.7 D=0.0381 TIES(atTA/own)=0.9402/0.9378 GATE(0 layers)=0.9619 [189s]
2026-09-26 08:14:17 KST | e1c stage2[S1] stsb@s1__trec@s1: lam*=0.7 D=0.0489 TIES(atTA/own)=0.8857/0.9303 GATE(0 layers)=0.9511 [20s]
2026-09-26 08:16:28 KST | e1c stage2[P] qnli@s0__yelp_polarity@s1: lam*=0.7 D=0.0176 TIES(atTA/own)=0.9082/0.9506 GATE(0 layers)=0.9824 [191s]
2026-09-26 08:16:34 KST | e1c stage2[S1] stsb@s1__yelp_polarity@s1: lam*=0.7 D=0.0224 TIES(atTA/own)=0.9726/0.9726 GATE(0 layers)=0.9776 [137s]
2026-09-26 08:17:02 KST | e1c stage2[P] rte@s0__scitail@s1: lam*=0.5 D=0.0057 TIES(atTA/own)=0.8778/0.9937 GATE(0 layers)=0.9943 [34s]
2026-09-26 08:18:00 KST | e1c stage2[P] rte@s0__snli@s1: lam*=0.5 D=0.0184 TIES(atTA/own)=0.7880/1.0109 GATE(0 layers)=0.9816 [58s]
2026-09-26 08:18:18 KST | e1c stage2[S1] mnli@s1__qnli@s1: lam*=0.5 D=0.1705 TIES(atTA/own)=0.7222/0.8086 GATE(0 layers)=0.8295 [103s]
2026-09-26 08:18:24 KST | e1c stage2[P] rte@s0__sst2@s1: lam*=0.7 D=0.0309 TIES(atTA/own)=0.9385/0.9288 GATE(0 layers)=0.9691 [24s]
2026-09-26 08:18:56 KST | e1c stage2[P] rte@s0__stsb@s1: lam*=0.7 D=0.0298 TIES(atTA/own)=0.9310/0.9502 GATE(0 layers)=0.9702 [32s]
2026-09-26 08:19:19 KST | e1c stage2[P] rte@s0__trec@s1: lam*=0.7 D=0.0227 TIES(atTA/own)=0.9231/0.9359 GATE(0 layers)=0.9773 [22s]
2026-09-26 08:19:32 KST | e1c stage2[S1] mnli@s1__rte@s1: lam*=0.7 D=-0.0175 TIES(atTA/own)=0.9416/1.0149 GATE(0 layers)=1.0175 [74s]
2026-09-26 08:19:43 KST | e1c stage2[P] rte@s0__wic@s1: lam*=0.7 D=0.0561 TIES(atTA/own)=0.9276/0.9276 GATE(0 layers)=0.9439 [25s]
2026-09-26 08:20:39 KST | e1c stage2[S1] mnli@s1__wic@s1: lam*=0.7 D=0.1220 TIES(atTA/own)=0.7817/0.8770 GATE(0 layers)=0.8780 [67s]
2026-09-26 08:22:20 KST | e1c stage2[S1] mnli@s1__snli@s1: lam*=0.7 D=0.0541 TIES(atTA/own)=0.9215/0.9523 GATE(0 layers)=0.9459 [101s]
2026-09-26 08:22:21 KST | e1c stage2[P] rte@s0__yelp_polarity@s1: lam*=0.7 D=0.0024 TIES(atTA/own)=0.9178/0.9484 GATE(0 layers)=0.9976 [157s]
2026-09-26 08:23:18 KST | e1c stage2[P] scitail@s0__snli@s1: lam*=0.5 D=0.0404 TIES(atTA/own)=0.7202/0.9372 GATE(0 layers)=0.9596 [57s]
2026-09-26 08:23:34 KST | e1c stage2[S1] mnli@s1__scitail@s1: lam*=0.5 D=0.0619 TIES(atTA/own)=0.7069/0.9339 GATE(0 layers)=0.9381 [73s]
2026-09-26 08:23:42 KST | e1c stage2[P] scitail@s0__sst2@s1: lam*=0.7 D=0.0317 TIES(atTA/own)=0.8607/0.9443 GATE(0 layers)=0.9683 [24s]
2026-09-26 08:24:14 KST | e1c stage2[P] scitail@s0__stsb@s1: lam*=0.7 D=0.0211 TIES(atTA/own)=0.9171/0.9805 GATE(0 layers)=0.9789 [32s]
2026-09-26 08:24:35 KST | e1c stage2[P] scitail@s0__trec@s1: lam*=1.0 D=0.0180 TIES(atTA/own)=0.9158/0.9158 GATE(0 layers)=0.9820 [21s]
2026-09-26 08:24:59 KST | e1c stage2[P] scitail@s0__wic@s1: lam*=1.0 D=0.1185 TIES(atTA/own)=0.8764/0.8764 GATE(0 layers)=0.8815 [24s]
2026-09-26 08:25:30 KST | e1c stage2[S1] mnli@s1__ag_news@s1: lam*=0.7 D=0.0613 TIES(atTA/own)=0.6818/0.8255 GATE(0 layers)=0.9387 [117s]
2026-09-26 08:27:41 KST | e1c stage2[P] scitail@s0__yelp_polarity@s1: lam*=0.7 D=0.0236 TIES(atTA/own)=0.8478/0.9183 GATE(0 layers)=0.9764 [162s]
2026-09-26 08:28:30 KST | e1c stage2[P] snli@s0__sst2@s1: lam*=0.7 D=0.0363 TIES(atTA/own)=0.8758/0.9090 GATE(0 layers)=0.9637 [49s]
2026-09-26 08:29:24 KST | e1c stage2[S1] mnli@s1__imdb@s1: lam*=0.7 D=0.0372 TIES(atTA/own)=0.7959/0.9167 GATE(0 layers)=0.9628 [233s]
2026-09-26 08:29:26 KST | e1c stage2[P] snli@s0__stsb@s1: lam*=0.5 D=0.0684 TIES(atTA/own)=0.8165/0.9306 GATE(0 layers)=0.9316 [56s]
2026-09-26 08:30:05 KST | e1c stage2[P] snli@s0__trec@s1: lam*=1.0 D=0.0161 TIES(atTA/own)=0.9443/0.9443 GATE(0 layers)=0.9839 [39s]
2026-09-26 08:30:25 KST | e1c stage2[S1] mnli@s1__trec@s1: lam*=0.7 D=0.0342 TIES(atTA/own)=0.6836/0.8449 GATE(0 layers)=0.9658 [61s]
2026-09-26 08:30:53 KST | e1c stage2[P] snli@s0__wic@s1: lam*=0.7 D=0.0879 TIES(atTA/own)=0.8122/0.9027 GATE(0 layers)=0.9121 [48s]
2026-09-26 08:33:46 KST | e1c stage2[S1] mnli@s1__yelp_polarity@s1: lam*=0.7 D=0.0389 TIES(atTA/own)=0.8339/0.9221 GATE(0 layers)=0.9611 [202s]
2026-09-26 08:33:58 KST | e1c stage2[P] snli@s0__yelp_polarity@s1: lam*=0.7 D=0.0257 TIES(atTA/own)=0.8531/0.9453 GATE(0 layers)=0.9743 [185s]
2026-09-26 08:34:20 KST | e1c stage2[P] sst2@s0__stsb@s1: lam*=0.5 D=0.0223 TIES(atTA/own)=0.9574/0.9624 GATE(0 layers)=0.9777 [22s]
2026-09-26 08:34:32 KST | e1c stage2[P] sst2@s0__trec@s1: lam*=0.7 D=0.0107 TIES(atTA/own)=0.9716/0.9790 GATE(0 layers)=0.9893 [12s]
2026-09-26 08:34:48 KST | e1c stage2[P] sst2@s0__wic@s1: lam*=0.5 D=0.0212 TIES(atTA/own)=0.9440/0.9606 GATE(0 layers)=0.9788 [15s]
2026-09-26 08:34:48 KST | e1c stage2[S1] qnli@s1__rte@s1: lam*=0.5 D=0.0699 TIES(atTA/own)=0.8797/0.9195 GATE(0 layers)=0.9301 [61s]
2026-09-26 08:35:43 KST | e1c stage2[S1] qnli@s1__wic@s1: lam*=0.7 D=0.0725 TIES(atTA/own)=0.8841/0.9158 GATE(0 layers)=0.9275 [55s]
2026-09-26 08:37:12 KST | e1c stage2[S1] qnli@s1__snli@s1: lam*=0.5 D=0.0616 TIES(atTA/own)=0.7295/0.9393 GATE(0 layers)=0.9384 [89s]
2026-09-26 08:37:14 KST | e1c stage2[P] sst2@s0__yelp_polarity@s1: lam*=0.7 D=0.0095 TIES(atTA/own)=0.9822/0.9853 GATE(0 layers)=0.9905 [147s]
2026-09-26 08:37:34 KST | e1c stage2[P] stsb@s0__trec@s1: lam*=0.7 D=0.0221 TIES(atTA/own)=0.9486/0.9686 GATE(0 layers)=0.9779 [19s]
2026-09-26 08:37:56 KST | e1c stage2[P] stsb@s0__wic@s1: lam*=0.7 D=0.0190 TIES(atTA/own)=0.9706/0.9816 GATE(0 layers)=0.9810 [22s]
2026-09-26 08:38:14 KST | e1c stage2[S1] qnli@s1__scitail@s1: lam*=0.5 D=0.0679 TIES(atTA/own)=0.8559/0.9554 GATE(0 layers)=0.9321 [61s]
2026-09-26 08:40:03 KST | e1c stage2[S1] qnli@s1__ag_news@s1: lam*=0.7 D=0.0359 TIES(atTA/own)=0.8395/0.9047 GATE(0 layers)=0.9641 [110s]
2026-09-26 08:40:32 KST | e1c stage2[P] stsb@s0__yelp_polarity@s1: lam*=0.5 D=0.0173 TIES(atTA/own)=0.9607/0.9738 GATE(0 layers)=0.9827 [156s]
2026-09-26 08:40:46 KST | e1c stage2[P] trec@s0__wic@s1: lam*=0.7 D=0.0122 TIES(atTA/own)=0.9499/0.9746 GATE(0 layers)=0.9878 [13s]
2026-09-26 08:43:17 KST | e1c stage2[P] trec@s0__yelp_polarity@s1: lam*=0.7 D=0.0100 TIES(atTA/own)=0.9597/0.9812 GATE(0 layers)=0.9900 [152s]
2026-09-26 08:43:48 KST | e1c stage2[S1] qnli@s1__imdb@s1: lam*=0.7 D=0.0396 TIES(atTA/own)=0.8591/0.9141 GATE(0 layers)=0.9604 [224s]
2026-09-26 08:44:40 KST | e1c stage2[S1] qnli@s1__trec@s1: lam*=0.7 D=0.0534 TIES(atTA/own)=0.8672/0.9202 GATE(0 layers)=0.9466 [52s]
2026-09-26 08:45:48 KST | e1c stage2[P] wic@s0__yelp_polarity@s1: lam*=0.7 D=0.0247 TIES(atTA/own)=0.9448/0.9476 GATE(0 layers)=0.9753 [151s]
2026-09-26 08:45:48 KST | e1c stage2 P done
2026-09-26 08:46:49 KST | e1c stage2[S1] qnli@s1__yelp_polarity@s1: lam*=0.7 D=0.0357 TIES(atTA/own)=0.8974/0.9382 GATE(0 layers)=0.9643 [129s]
2026-09-26 08:47:01 KST | e1c stage2[S1] rte@s1__wic@s1: lam*=0.7 D=0.0277 TIES(atTA/own)=0.9261/0.9514 GATE(0 layers)=0.9723 [12s]
2026-09-26 08:47:29 KST | e1c stage2[S1] rte@s1__snli@s1: lam*=0.5 D=0.0137 TIES(atTA/own)=0.8252/0.9733 GATE(0 layers)=0.9863 [28s]
2026-09-26 08:47:46 KST | e1c stage2[S1] rte@s1__scitail@s1: lam*=0.7 D=-0.0047 TIES(atTA/own)=0.9054/0.9953 GATE(0 layers)=1.0047 [17s]
2026-09-26 08:48:24 KST | e1c stage2[S1] rte@s1__ag_news@s1: lam*=0.7 D=0.0737 TIES(atTA/own)=0.9187/0.9167 GATE(0 layers)=0.9263 [38s]
2026-09-26 08:50:00 KST | e1c stage2[S1] rte@s1__imdb@s1: lam*=0.7 D=0.0101 TIES(atTA/own)=0.8951/0.9522 GATE(0 layers)=0.9899 [97s]
2026-09-26 08:50:11 KST | e1c stage2[S1] rte@s1__trec@s1: lam*=0.7 D=0.0175 TIES(atTA/own)=0.9369/0.9650 GATE(0 layers)=0.9825 [11s]
2026-09-26 08:51:30 KST | e1c stage2[S1] rte@s1__yelp_polarity@s1: lam*=0.7 D=0.0305 TIES(atTA/own)=0.9265/0.9392 GATE(0 layers)=0.9695 [79s]
2026-09-26 08:51:53 KST | e1c stage2[S1] wic@s1__snli@s1: lam*=0.7 D=0.0572 TIES(atTA/own)=0.8213/0.9192 GATE(0 layers)=0.9428 [23s]
2026-09-26 08:52:04 KST | e1c stage2[S1] wic@s1__scitail@s1: lam*=1.0 D=0.1417 TIES(atTA/own)=0.8778/0.8778 GATE(0 layers)=0.8583 [11s]
2026-09-26 08:52:37 KST | e1c stage2[S1] wic@s1__ag_news@s1: lam*=0.7 D=0.0394 TIES(atTA/own)=0.9269/0.9234 GATE(0 layers)=0.9606 [33s]
2026-09-26 08:54:09 KST | e1c stage2[S1] wic@s1__imdb@s1: lam*=0.7 D=0.0208 TIES(atTA/own)=0.9658/0.9732 GATE(0 layers)=0.9792 [92s]
2026-09-26 08:54:15 KST | e1c stage2[S1] wic@s1__trec@s1: lam*=0.7 D=0.0232 TIES(atTA/own)=0.9439/0.9635 GATE(0 layers)=0.9768 [6s]
2026-09-26 08:55:30 KST | e1c stage2[S1] wic@s1__yelp_polarity@s1: lam*=0.5 D=0.0280 TIES(atTA/own)=0.9391/0.9727 GATE(0 layers)=0.9720 [74s]
2026-09-26 08:55:57 KST | e1c stage2[S1] snli@s1__scitail@s1: lam*=0.5 D=0.0597 TIES(atTA/own)=0.7376/0.9144 GATE(0 layers)=0.9403 [27s]
2026-09-26 08:56:46 KST | e1c stage2[S1] snli@s1__ag_news@s1: lam*=0.7 D=0.0289 TIES(atTA/own)=0.8363/0.9213 GATE(0 layers)=0.9711 [49s]
2026-09-26 08:58:33 KST | e1c stage2[S1] snli@s1__imdb@s1: lam*=0.7 D=0.0178 TIES(atTA/own)=0.8882/0.9595 GATE(0 layers)=0.9822 [107s]
2026-09-26 08:58:52 KST | e1c stage2[S1] snli@s1__trec@s1: lam*=1.0 D=0.0261 TIES(atTA/own)=0.9512/0.9512 GATE(0 layers)=0.9739 [18s]
2026-09-26 09:00:22 KST | e1c stage2[S1] snli@s1__yelp_polarity@s1: lam*=0.7 D=0.0229 TIES(atTA/own)=0.8789/0.9529 GATE(0 layers)=0.9771 [90s]
2026-09-26 09:00:59 KST | e1c stage2[S1] scitail@s1__ag_news@s1: lam*=0.7 D=0.0428 TIES(atTA/own)=0.8560/0.9363 GATE(0 layers)=0.9572 [38s]
2026-09-26 09:02:36 KST | e1c stage2[S1] scitail@s1__imdb@s1: lam*=0.7 D=0.0184 TIES(atTA/own)=0.8732/0.9493 GATE(0 layers)=0.9816 [97s]
2026-09-26 09:02:46 KST | e1c stage2[S1] scitail@s1__trec@s1: lam*=1.0 D=0.0309 TIES(atTA/own)=0.9051/0.9051 GATE(0 layers)=0.9691 [10s]
2026-09-26 09:04:05 KST | e1c stage2[S1] scitail@s1__yelp_polarity@s1: lam*=0.7 D=0.0262 TIES(atTA/own)=0.8645/0.9269 GATE(0 layers)=0.9738 [79s]
2026-09-26 09:06:03 KST | e1c stage2[S1] ag_news@s1__imdb@s1: lam*=0.7 D=0.0390 TIES(atTA/own)=0.8885/0.9146 GATE(0 layers)=0.9610 [118s]
2026-09-26 09:06:35 KST | e1c stage2[S1] ag_news@s1__trec@s1: lam*=0.7 D=0.0229 TIES(atTA/own)=0.9143/0.9563 GATE(0 layers)=0.9771 [32s]
2026-09-26 09:08:15 KST | e1c stage2[S1] ag_news@s1__yelp_polarity@s1: lam*=0.7 D=0.0274 TIES(atTA/own)=0.9143/0.9471 GATE(0 layers)=0.9726 [100s]
2026-09-26 09:09:46 KST | e1c stage2[S1] imdb@s1__trec@s1: lam*=0.7 D=0.0169 TIES(atTA/own)=0.9557/0.9721 GATE(0 layers)=0.9831 [90s]
2026-09-26 09:12:25 KST | e1c stage2[S1] imdb@s1__yelp_polarity@s1: lam*=0.5 D=0.0081 TIES(atTA/own)=0.9822/0.9921 GATE(0 layers)=0.9919 [159s]
2026-09-26 09:13:38 KST | e1c stage2[S1] trec@s1__yelp_polarity@s1: lam*=0.7 D=0.0120 TIES(atTA/own)=0.9604/0.9802 GATE(0 layers)=0.9880 [73s]
2026-09-26 09:13:38 KST | e1c stage2 S1 done
2026-09-26 09:14:05 KST | === e1c.py ['e1c.py', '--stage', 'stage3']
2026-09-26 09:14:19 KST | e1c stage3: analysis equivalence on E1b R0: {'per_hypothesis': {'H1': {'rho_diff': 0.0, 'ci_diff': 0.0, 'p_diff': 0.0, 'holm_diff': 0.0, 'verdict_equal': True}, 'H2': {'rho_diff': 0.0, 'ci_diff': 0.0, 'p_diff': 0.0, 'holm_diff': 0.0, 'verdict_equal': True}}, 'ok': True}
2026-09-26 09:14:33 KST | e1c stage3 P: H1c INCONCLUSIVE rho=-0.0249 ci=[-0.5065812369720074, 0.4258233083079398] holm=0.5658 loto=0.07, H2c INCONCLUSIVE rho=0.1270 ci=[-0.35449450834842794, 0.48890403514503245] holm=0.4134 loto=0.07
2026-09-26 09:14:47 KST | e1c stage3 S1: H1c INCONCLUSIVE rho=-0.0295 ci=[-0.43680267755679053, 0.3907122851912608] holm=0.6699 loto=0.00, H2c INCONCLUSIVE rho=0.0574 ci=[-0.3646594957565283, 0.4162238412796474] holm=0.6699 loto=0.00
2026-09-26 09:14:48 KST | e1c stage3 done in 43s
