2026-09-25 20:01:07 KST | === start segment_ids=none
2026-09-25 20:01:25 KST | [none] single mnli_s7_hubish task=mnli head=mnli_s7_hubish acc=0.45247 n=9815
2026-09-25 20:01:27 KST | [none] single mnli_s7_hubish_n512 task=mnli head=mnli_s7_hubish acc=0.46094 n=512
2026-09-25 20:01:43 KST | [none] single mnli_s42_hubish task=mnli head=mnli_s42_hubish acc=0.49027 n=9815
2026-09-25 20:01:46 KST | [none] single rte_s42_hubish task=rte head=rte_s42_hubish acc=0.43321 n=277
2026-09-25 20:01:59 KST | [none] seed_hubish arith_sum task=mnli head=mnli_s7_hubish acc=0.42904 n=9815
2026-09-25 20:02:11 KST | [none] seed_hubish cert_A task=mnli head=mnli_s7_hubish acc=0.42731 n=9815
2026-09-25 20:02:24 KST | [none] seed_hubish arith_sum task=mnli head=mnli_s42_hubish acc=0.42812 n=9815
2026-09-25 20:02:36 KST | [none] seed_hubish cert_A task=mnli head=mnli_s42_hubish acc=0.42486 n=9815
2026-09-25 20:02:53 KST | [none] seed_hubish cert_B task=mnli head=mnli_s7_hubish acc=0.42731 n=9815
2026-09-25 20:03:06 KST | [none] seed_hubish cert_B task=mnli head=mnli_s42_hubish acc=0.42486 n=9815
2026-09-25 20:03:20 KST | [none] seed_hubish ties_lite task=mnli head=mnli_s7_hubish acc=0.45125 n=9815
2026-09-25 20:03:32 KST | [none] seed_hubish cert_then_trim task=mnli head=mnli_s7_hubish acc=0.44554 n=9815
2026-09-25 20:03:44 KST | [none] seed_hubish arith_lam0.3 task=mnli head=mnli_s7_hubish acc=0.42140 n=9815
2026-09-25 20:03:57 KST | [none] seed_hubish arith_lam0.5 task=mnli head=mnli_s7_hubish acc=0.49322 n=9815
2026-09-25 20:04:09 KST | [none] seed_hubish arith_lam0.7 task=mnli head=mnli_s7_hubish acc=0.48130 n=9815
2026-09-25 20:04:22 KST | [none] seed_hubish ties_lite task=mnli head=mnli_s42_hubish acc=0.44238 n=9815
2026-09-25 20:04:34 KST | [none] seed_hubish cert_then_trim task=mnli head=mnli_s42_hubish acc=0.43892 n=9815
2026-09-25 20:04:47 KST | [none] seed_hubish arith_lam0.3 task=mnli head=mnli_s42_hubish acc=0.43617 n=9815
2026-09-25 20:04:59 KST | [none] seed_hubish arith_lam0.5 task=mnli head=mnli_s42_hubish acc=0.49404 n=9815
2026-09-25 20:05:12 KST | [none] seed_hubish arith_lam0.7 task=mnli head=mnli_s42_hubish acc=0.47957 n=9815
2026-09-25 20:05:25 KST | [none] mnli_rte_hubish arith_sum task=mnli head=mnli_s7_hubish acc=0.45970 n=9815
2026-09-25 20:05:26 KST | [none] mnli_rte_hubish arith_sum_n512 task=mnli head=mnli_s7_hubish acc=0.46484 n=512
2026-09-25 20:05:38 KST | [none] mnli_rte_hubish cert_A task=mnli head=mnli_s7_hubish acc=0.45970 n=9815
2026-09-25 20:05:39 KST | [none] mnli_rte_hubish cert_A_n512 task=mnli head=mnli_s7_hubish acc=0.46484 n=512
2026-09-25 20:05:40 KST | [none] mnli_rte_hubish arith_sum task=rte head=rte_s42_hubish acc=0.47292 n=277
2026-09-25 20:05:41 KST | [none] mnli_rte_hubish cert_A task=rte head=rte_s42_hubish acc=0.47292 n=277
2026-09-25 20:05:59 KST | [none] mnli_rte_hubish cert_B task=mnli head=mnli_s7_hubish acc=0.45970 n=9815
2026-09-25 20:06:00 KST | [none] mnli_rte_hubish cert_B task=rte head=rte_s42_hubish acc=0.47292 n=277
2026-09-25 20:06:14 KST | [none] mnli_rte_hubish ties_lite task=mnli head=mnli_s7_hubish acc=0.46266 n=9815
2026-09-25 20:06:26 KST | [none] mnli_rte_hubish cert_then_trim task=mnli head=mnli_s7_hubish acc=0.45756 n=9815
2026-09-25 20:06:39 KST | [none] mnli_rte_hubish arith_lam0.3 task=mnli head=mnli_s7_hubish acc=0.38319 n=9815
2026-09-25 20:06:51 KST | [none] mnli_rte_hubish arith_lam0.5 task=mnli head=mnli_s7_hubish acc=0.41732 n=9815
2026-09-25 20:07:04 KST | [none] mnli_rte_hubish arith_lam0.7 task=mnli head=mnli_s7_hubish acc=0.45125 n=9815
2026-09-25 20:07:05 KST | [none] mnli_rte_hubish ties_lite task=rte head=rte_s42_hubish acc=0.47653 n=277
2026-09-25 20:07:06 KST | [none] mnli_rte_hubish cert_then_trim task=rte head=rte_s42_hubish acc=0.47292 n=277
2026-09-25 20:07:07 KST | [none] mnli_rte_hubish arith_lam0.3 task=rte head=rte_s42_hubish acc=0.49819 n=277
2026-09-25 20:07:08 KST | [none] mnli_rte_hubish arith_lam0.5 task=rte head=rte_s42_hubish acc=0.48375 n=277
2026-09-25 20:07:09 KST | [none] mnli_rte_hubish arith_lam0.7 task=rte head=rte_s42_hubish acc=0.47292 n=277
2026-09-25 20:07:09 KST | === done segment_ids=none wall=362s
2026-09-25 20:07:13 KST | === start segment_ids=bert
2026-09-25 20:07:32 KST | [bert] single mnli_s7_hubish task=mnli head=mnli_s7_hubish acc=0.82099 n=9815
2026-09-25 20:07:47 KST | [bert] single mnli_s42_hubish task=mnli head=mnli_s42_hubish acc=0.82394 n=9815
2026-09-25 20:07:50 KST | [bert] single rte_s42_hubish task=rte head=rte_s42_hubish acc=0.67509 n=277
2026-09-25 20:08:04 KST | [bert] seed_hubish arith_sum task=mnli head=mnli_s7_hubish acc=0.69312 n=9815
2026-09-25 20:08:16 KST | [bert] seed_hubish cert_A task=mnli head=mnli_s7_hubish acc=0.69109 n=9815
2026-09-25 20:08:29 KST | [bert] seed_hubish arith_sum task=mnli head=mnli_s42_hubish acc=0.69781 n=9815
2026-09-25 20:08:41 KST | [bert] seed_hubish cert_A task=mnli head=mnli_s42_hubish acc=0.69557 n=9815
2026-09-25 20:08:59 KST | [bert] seed_hubish cert_B task=mnli head=mnli_s7_hubish acc=0.69109 n=9815
2026-09-25 20:09:12 KST | [bert] seed_hubish cert_B task=mnli head=mnli_s42_hubish acc=0.69557 n=9815
2026-09-25 20:09:26 KST | [bert] seed_hubish ties_lite task=mnli head=mnli_s7_hubish acc=0.70739 n=9815
2026-09-25 20:09:38 KST | [bert] seed_hubish cert_then_trim task=mnli head=mnli_s7_hubish acc=0.70484 n=9815
2026-09-25 20:09:51 KST | [bert] seed_hubish arith_lam0.3 task=mnli head=mnli_s7_hubish acc=0.73235 n=9815
2026-09-25 20:10:03 KST | [bert] seed_hubish arith_lam0.5 task=mnli head=mnli_s7_hubish acc=0.82506 n=9815
2026-09-25 20:10:16 KST | [bert] seed_hubish arith_lam0.7 task=mnli head=mnli_s7_hubish acc=0.77606 n=9815
2026-09-25 20:10:28 KST | [bert] seed_hubish ties_lite task=mnli head=mnli_s42_hubish acc=0.70464 n=9815
2026-09-25 20:10:41 KST | [bert] seed_hubish cert_then_trim task=mnli head=mnli_s42_hubish acc=0.70545 n=9815
2026-09-25 20:10:53 KST | [bert] seed_hubish arith_lam0.3 task=mnli head=mnli_s42_hubish acc=0.72134 n=9815
2026-09-25 20:11:06 KST | [bert] seed_hubish arith_lam0.5 task=mnli head=mnli_s42_hubish acc=0.82914 n=9815
2026-09-25 20:11:18 KST | [bert] seed_hubish arith_lam0.7 task=mnli head=mnli_s42_hubish acc=0.77942 n=9815
2026-09-25 20:11:32 KST | [bert] mnli_rte_hubish arith_sum task=mnli head=mnli_s7_hubish acc=0.76954 n=9815
2026-09-25 20:11:44 KST | [bert] mnli_rte_hubish cert_A task=mnli head=mnli_s7_hubish acc=0.76954 n=9815
2026-09-25 20:11:45 KST | [bert] mnli_rte_hubish arith_sum task=rte head=rte_s42_hubish acc=0.65343 n=277
2026-09-25 20:11:46 KST | [bert] mnli_rte_hubish cert_A task=rte head=rte_s42_hubish acc=0.65343 n=277
2026-09-25 20:12:04 KST | [bert] mnli_rte_hubish cert_B task=mnli head=mnli_s7_hubish acc=0.76954 n=9815
2026-09-25 20:12:05 KST | [bert] mnli_rte_hubish cert_B task=rte head=rte_s42_hubish acc=0.65343 n=277
2026-09-25 20:12:19 KST | [bert] mnli_rte_hubish ties_lite task=mnli head=mnli_s7_hubish acc=0.79562 n=9815
2026-09-25 20:12:31 KST | [bert] mnli_rte_hubish cert_then_trim task=mnli head=mnli_s7_hubish acc=0.78217 n=9815
2026-09-25 20:12:44 KST | [bert] mnli_rte_hubish arith_lam0.3 task=mnli head=mnli_s7_hubish acc=0.51594 n=9815
2026-09-25 20:12:56 KST | [bert] mnli_rte_hubish arith_lam0.5 task=mnli head=mnli_s7_hubish acc=0.76057 n=9815
2026-09-25 20:13:09 KST | [bert] mnli_rte_hubish arith_lam0.7 task=mnli head=mnli_s7_hubish acc=0.79735 n=9815
2026-09-25 20:13:10 KST | [bert] mnli_rte_hubish ties_lite task=rte head=rte_s42_hubish acc=0.69314 n=277
2026-09-25 20:13:11 KST | [bert] mnli_rte_hubish cert_then_trim task=rte head=rte_s42_hubish acc=0.69314 n=277
2026-09-25 20:13:12 KST | [bert] mnli_rte_hubish arith_lam0.3 task=rte head=rte_s42_hubish acc=0.63177 n=277
2026-09-25 20:13:13 KST | [bert] mnli_rte_hubish arith_lam0.5 task=rte head=rte_s42_hubish acc=0.73646 n=277
2026-09-25 20:13:14 KST | [bert] mnli_rte_hubish arith_lam0.7 task=rte head=rte_s42_hubish acc=0.68231 n=277
2026-09-25 20:13:14 KST | === done segment_ids=bert wall=360s
