2026-09-25 22:32:35 KST | === e1b.py ['e1b.py', '--stage', 'stage0']
[transformers] [1mBertModel LOAD REPORT[0m from: bert-base-uncased
Key                                        | Status     |  | 
-------------------------------------------+------------+--+-
cls.predictions.transform.LayerNorm.bias   | UNEXPECTED |  | 
cls.predictions.bias                       | UNEXPECTED |  | 
cls.predictions.transform.dense.weight     | UNEXPECTED |  | 
cls.predictions.transform.dense.bias       | UNEXPECTED |  | 
cls.predictions.transform.LayerNorm.weight | UNEXPECTED |  | 
cls.seq_relationship.weight                | UNEXPECTED |  | 
cls.seq_relationship.bias                  | UNEXPECTED |  | 

Notes:
- UNEXPECTED:	can be ignored when loading from different task/architecture; not ok if you expect identical arch.
Warning: You are sending unauthenticated requests to the HF Hub. Please set a HF_TOKEN to enable higher rate limits and faster downloads.
[transformers] [1mBertForSequenceClassification LOAD REPORT[0m from: bert-base-uncased
Key                                        | Status     | 
-------------------------------------------+------------+-
cls.predictions.transform.LayerNorm.bias   | UNEXPECTED | 
cls.predictions.bias                       | UNEXPECTED | 
cls.predictions.transform.dense.weight     | UNEXPECTED | 
cls.predictions.transform.dense.bias       | UNEXPECTED | 
cls.predictions.transform.LayerNorm.weight | UNEXPECTED | 
cls.seq_relationship.weight                | UNEXPECTED | 
cls.seq_relationship.bias                  | UNEXPECTED | 
classifier.weight                          | MISSING    | 
classifier.bias                            | MISSING    | 

Notes:
- UNEXPECTED:	can be ignored when loading from different task/architecture; not ok if you expect identical arch.
- MISSING:	those params were newly initialized because missing from the checkpoint. Consider training on your downstream task.
2026-09-25 22:32:43 KST | stage0 cola: eval=0.8236 hold=0.8180 a=True b=True c=True (diff 9.7e-06) valid=True []
[transformers] [1mBertForSequenceClassification LOAD REPORT[0m from: bert-base-uncased
Key                                        | Status     | 
-------------------------------------------+------------+-
cls.predictions.transform.LayerNorm.bias   | UNEXPECTED | 
cls.predictions.bias                       | UNEXPECTED | 
cls.predictions.transform.dense.weight     | UNEXPECTED | 
cls.predictions.transform.dense.bias       | UNEXPECTED | 
cls.predictions.transform.LayerNorm.weight | UNEXPECTED | 
cls.seq_relationship.weight                | UNEXPECTED | 
cls.seq_relationship.bias                  | UNEXPECTED | 
classifier.weight                          | MISSING    | 
classifier.bias                            | MISSING    | 

Notes:
- UNEXPECTED:	can be ignored when loading from different task/architecture; not ok if you expect identical arch.
- MISSING:	those params were newly initialized because missing from the checkpoint. Consider training on your downstream task.
2026-09-25 22:32:47 KST | stage0 sst2: eval=0.9186 hold=0.9540 a=True b=True c=True (diff 1.8e-06) valid=True []
[transformers] [1mBertForSequenceClassification LOAD REPORT[0m from: bert-base-uncased
Key                                        | Status     | 
-------------------------------------------+------------+-
cls.predictions.transform.LayerNorm.bias   | UNEXPECTED | 
cls.predictions.bias                       | UNEXPECTED | 
cls.predictions.transform.dense.weight     | UNEXPECTED | 
cls.predictions.transform.dense.bias       | UNEXPECTED | 
cls.predictions.transform.LayerNorm.weight | UNEXPECTED | 
cls.seq_relationship.weight                | UNEXPECTED | 
cls.seq_relationship.bias                  | UNEXPECTED | 
classifier.weight                          | MISSING    | 
classifier.bias                            | MISSING    | 

Notes:
- UNEXPECTED:	can be ignored when loading from different task/architecture; not ok if you expect identical arch.
- MISSING:	those params were newly initialized because missing from the checkpoint. Consider training on your downstream task.
2026-09-25 22:32:52 KST | stage0 mrpc: eval=0.8505 hold=0.8210 a=True b=True c=True (diff 8.7e-06) valid=True []
[transformers] [1mBertForSequenceClassification LOAD REPORT[0m from: bert-base-uncased
Key                                        | Status     | 
-------------------------------------------+------------+-
cls.predictions.transform.LayerNorm.bias   | UNEXPECTED | 
cls.predictions.bias                       | UNEXPECTED | 
cls.predictions.transform.dense.weight     | UNEXPECTED | 
cls.predictions.transform.dense.bias       | UNEXPECTED | 
cls.predictions.transform.LayerNorm.weight | UNEXPECTED | 
cls.seq_relationship.weight                | UNEXPECTED | 
cls.seq_relationship.bias                  | UNEXPECTED | 
classifier.weight                          | MISSING    | 
classifier.bias                            | MISSING    | 

Notes:
- UNEXPECTED:	can be ignored when loading from different task/architecture; not ok if you expect identical arch.
- MISSING:	those params were newly initialized because missing from the checkpoint. Consider training on your downstream task.
2026-09-25 22:33:04 KST | stage0 qqp: eval=0.6240 hold=0.6350 a=False b=False c=True (diff 8.9e-08) valid=False ['(a) 0.6240 < 0.7240', '(b) accuracy 0.6240 < 0.8571']
[transformers] [1mBertForSequenceClassification LOAD REPORT[0m from: bert-base-uncased
Key                                        | Status     | 
-------------------------------------------+------------+-
cls.predictions.transform.LayerNorm.bias   | UNEXPECTED | 
cls.predictions.bias                       | UNEXPECTED | 
cls.predictions.transform.dense.weight     | UNEXPECTED | 
cls.predictions.transform.dense.bias       | UNEXPECTED | 
cls.predictions.transform.LayerNorm.weight | UNEXPECTED | 
cls.seq_relationship.weight                | UNEXPECTED | 
cls.seq_relationship.bias                  | UNEXPECTED | 
classifier.weight                          | MISSING    | 
classifier.bias                            | MISSING    | 

Notes:
- UNEXPECTED:	can be ignored when loading from different task/architecture; not ok if you expect identical arch.
- MISSING:	those params were newly initialized because missing from the checkpoint. Consider training on your downstream task.
2026-09-25 22:33:09 KST | stage0 stsb: eval=0.8894 hold=0.8657 a=True b=True c=True (diff 1.9e-06) valid=True []
[transformers] [1mBertForSequenceClassification LOAD REPORT[0m from: bert-base-uncased
Key                                        | Status     | 
-------------------------------------------+------------+-
cls.predictions.transform.LayerNorm.bias   | UNEXPECTED | 
cls.predictions.bias                       | UNEXPECTED | 
cls.predictions.transform.dense.weight     | UNEXPECTED | 
cls.predictions.transform.dense.bias       | UNEXPECTED | 
cls.predictions.transform.LayerNorm.weight | UNEXPECTED | 
cls.seq_relationship.weight                | UNEXPECTED | 
cls.seq_relationship.bias                  | UNEXPECTED | 
classifier.weight                          | MISSING    | 
classifier.bias                            | MISSING    | 

Notes:
- UNEXPECTED:	can be ignored when loading from different task/architecture; not ok if you expect identical arch.
- MISSING:	those params were newly initialized because missing from the checkpoint. Consider training on your downstream task.
2026-09-25 22:33:22 KST | stage0 mnli: eval=0.8237 hold=0.8310 a=True b=True c=True (diff 3.0e-06) valid=True []
[transformers] [1mBertForSequenceClassification LOAD REPORT[0m from: bert-base-uncased
Key                                        | Status     | 
-------------------------------------------+------------+-
cls.predictions.transform.LayerNorm.bias   | UNEXPECTED | 
cls.predictions.bias                       | UNEXPECTED | 
cls.predictions.transform.dense.weight     | UNEXPECTED | 
cls.predictions.transform.dense.bias       | UNEXPECTED | 
cls.predictions.transform.LayerNorm.weight | UNEXPECTED | 
cls.seq_relationship.weight                | UNEXPECTED | 
cls.seq_relationship.bias                  | UNEXPECTED | 
classifier.weight                          | MISSING    | 
classifier.bias                            | MISSING    | 

Notes:
- UNEXPECTED:	can be ignored when loading from different task/architecture; not ok if you expect identical arch.
- MISSING:	those params were newly initialized because missing from the checkpoint. Consider training on your downstream task.
2026-09-25 22:33:30 KST | stage0 qnli: eval=0.8977 hold=0.8860 a=True b=True c=True (diff 5.8e-06) valid=True []
[transformers] [1mBertForSequenceClassification LOAD REPORT[0m from: bert-base-uncased
Key                                        | Status     | 
-------------------------------------------+------------+-
cls.predictions.transform.LayerNorm.bias   | UNEXPECTED | 
cls.predictions.bias                       | UNEXPECTED | 
cls.predictions.transform.dense.weight     | UNEXPECTED | 
cls.predictions.transform.dense.bias       | UNEXPECTED | 
cls.predictions.transform.LayerNorm.weight | UNEXPECTED | 
cls.seq_relationship.weight                | UNEXPECTED | 
cls.seq_relationship.bias                  | UNEXPECTED | 
classifier.weight                          | MISSING    | 
classifier.bias                            | MISSING    | 

Notes:
- UNEXPECTED:	can be ignored when loading from different task/architecture; not ok if you expect identical arch.
- MISSING:	those params were newly initialized because missing from the checkpoint. Consider training on your downstream task.
2026-09-25 22:33:35 KST | stage0 rte: eval=0.6426 hold=0.6730 a=True b=True c=True (diff 1.2e-05) valid=True []
[transformers] [1mBertForSequenceClassification LOAD REPORT[0m from: bert-base-uncased
Key                                        | Status     | 
-------------------------------------------+------------+-
cls.predictions.transform.LayerNorm.bias   | UNEXPECTED | 
cls.predictions.bias                       | UNEXPECTED | 
cls.predictions.transform.dense.weight     | UNEXPECTED | 
cls.predictions.transform.dense.bias       | UNEXPECTED | 
cls.predictions.transform.LayerNorm.weight | UNEXPECTED | 
cls.seq_relationship.weight                | UNEXPECTED | 
cls.seq_relationship.bias                  | UNEXPECTED | 
classifier.weight                          | MISSING    | 
classifier.bias                            | MISSING    | 

Notes:
- UNEXPECTED:	can be ignored when loading from different task/architecture; not ok if you expect identical arch.
- MISSING:	those params were newly initialized because missing from the checkpoint. Consider training on your downstream task.
2026-09-25 22:33:45 KST | stage0 boolq: eval=0.6217 hold=0.6310 a=False b=None c=True (diff 1.8e-07) valid=False ['(a) 0.6217 < 0.7217']
[transformers] [1mBertForSequenceClassification LOAD REPORT[0m from: bert-base-uncased
Key                                        | Status     | 
-------------------------------------------+------------+-
cls.predictions.transform.LayerNorm.bias   | UNEXPECTED | 
cls.predictions.bias                       | UNEXPECTED | 
cls.predictions.transform.dense.weight     | UNEXPECTED | 
cls.predictions.transform.dense.bias       | UNEXPECTED | 
cls.predictions.transform.LayerNorm.weight | UNEXPECTED | 
cls.seq_relationship.weight                | UNEXPECTED | 
cls.seq_relationship.bias                  | UNEXPECTED | 
classifier.weight                          | MISSING    | 
classifier.bias                            | MISSING    | 

Notes:
- UNEXPECTED:	can be ignored when loading from different task/architecture; not ok if you expect identical arch.
- MISSING:	those params were newly initialized because missing from the checkpoint. Consider training on your downstream task.
2026-09-25 22:33:49 KST | stage0 wic: eval=0.6959 hold=0.7890 a=True b=None c=True (diff 2.6e-05) valid=True []
[transformers] [1mBertForSequenceClassification LOAD REPORT[0m from: bert-base-uncased
Key                                        | Status     | 
-------------------------------------------+------------+-
cls.predictions.transform.LayerNorm.bias   | UNEXPECTED | 
cls.predictions.bias                       | UNEXPECTED | 
cls.predictions.transform.dense.weight     | UNEXPECTED | 
cls.predictions.transform.dense.bias       | UNEXPECTED | 
cls.predictions.transform.LayerNorm.weight | UNEXPECTED | 
cls.seq_relationship.weight                | UNEXPECTED | 
cls.seq_relationship.bias                  | UNEXPECTED | 
classifier.weight                          | MISSING    | 
classifier.bias                            | MISSING    | 

Notes:
- UNEXPECTED:	can be ignored when loading from different task/architecture; not ok if you expect identical arch.
- MISSING:	those params were newly initialized because missing from the checkpoint. Consider training on your downstream task.
2026-09-25 22:33:57 KST | stage0 snli: eval=0.8702 hold=0.8470 a=True b=None c=True (diff 4.2e-06) valid=True []
[transformers] [1mBertForSequenceClassification LOAD REPORT[0m from: bert-base-uncased
Key                                        | Status     | 
-------------------------------------------+------------+-
cls.predictions.transform.LayerNorm.bias   | UNEXPECTED | 
cls.predictions.bias                       | UNEXPECTED | 
cls.predictions.transform.dense.weight     | UNEXPECTED | 
cls.predictions.transform.dense.bias       | UNEXPECTED | 
cls.predictions.transform.LayerNorm.weight | UNEXPECTED | 
cls.seq_relationship.weight                | UNEXPECTED | 
cls.seq_relationship.bias                  | UNEXPECTED | 
classifier.weight                          | MISSING    | 
classifier.bias                            | MISSING    | 

Notes:
- UNEXPECTED:	can be ignored when loading from different task/architecture; not ok if you expect identical arch.
- MISSING:	those params were newly initialized because missing from the checkpoint. Consider training on your downstream task.
2026-09-25 22:34:04 KST | stage0 scitail: eval=0.9333 hold=0.9650 a=True b=None c=True (diff 4.3e-06) valid=True []
[transformers] [1mBertForSequenceClassification LOAD REPORT[0m from: bert-base-uncased
Key                                        | Status     | 
-------------------------------------------+------------+-
cls.predictions.transform.LayerNorm.bias   | UNEXPECTED | 
cls.predictions.bias                       | UNEXPECTED | 
cls.predictions.transform.dense.weight     | UNEXPECTED | 
cls.predictions.transform.dense.bias       | UNEXPECTED | 
cls.predictions.transform.LayerNorm.weight | UNEXPECTED | 
cls.seq_relationship.weight                | UNEXPECTED | 
cls.seq_relationship.bias                  | UNEXPECTED | 
classifier.weight                          | MISSING    | 
classifier.bias                            | MISSING    | 

Notes:
- UNEXPECTED:	can be ignored when loading from different task/architecture; not ok if you expect identical arch.
- MISSING:	those params were newly initialized because missing from the checkpoint. Consider training on your downstream task.
2026-09-25 22:34:13 KST | stage0 ag_news: eval=0.9387 hold=0.9540 a=True b=None c=True (diff 4.6e-06) valid=True []
[transformers] [1mBertForSequenceClassification LOAD REPORT[0m from: bert-base-uncased
Key                                        | Status     | 
-------------------------------------------+------------+-
cls.predictions.transform.LayerNorm.bias   | UNEXPECTED | 
cls.predictions.bias                       | UNEXPECTED | 
cls.predictions.transform.dense.weight     | UNEXPECTED | 
cls.predictions.transform.dense.bias       | UNEXPECTED | 
cls.predictions.transform.LayerNorm.weight | UNEXPECTED | 
cls.seq_relationship.weight                | UNEXPECTED | 
cls.seq_relationship.bias                  | UNEXPECTED | 
classifier.weight                          | MISSING    | 
classifier.bias                            | MISSING    | 

Notes:
- UNEXPECTED:	can be ignored when loading from different task/architecture; not ok if you expect identical arch.
- MISSING:	those params were newly initialized because missing from the checkpoint. Consider training on your downstream task.
2026-09-25 22:34:35 KST | stage0 imdb: eval=0.8898 hold=0.8830 a=True b=None c=True (diff 4.4e-06) valid=True []
[transformers] [1mBertForSequenceClassification LOAD REPORT[0m from: bert-base-uncased
Key                                        | Status     | 
-------------------------------------------+------------+-
cls.predictions.transform.LayerNorm.bias   | UNEXPECTED | 
cls.predictions.bias                       | UNEXPECTED | 
cls.predictions.transform.dense.weight     | UNEXPECTED | 
cls.predictions.transform.dense.bias       | UNEXPECTED | 
cls.predictions.transform.LayerNorm.weight | UNEXPECTED | 
cls.seq_relationship.weight                | UNEXPECTED | 
cls.seq_relationship.bias                  | UNEXPECTED | 
classifier.weight                          | MISSING    | 
classifier.bias                            | MISSING    | 

Notes:
- UNEXPECTED:	can be ignored when loading from different task/architecture; not ok if you expect identical arch.
- MISSING:	those params were newly initialized because missing from the checkpoint. Consider training on your downstream task.
2026-09-25 22:34:40 KST | stage0 trec: eval=0.9660 hold=0.9570 a=True b=None c=True (diff 3.3e-06) valid=True []
[transformers] [1mBertForSequenceClassification LOAD REPORT[0m from: bert-base-uncased
Key                                        | Status     | 
-------------------------------------------+------------+-
cls.predictions.transform.LayerNorm.bias   | UNEXPECTED | 
cls.predictions.bias                       | UNEXPECTED | 
cls.predictions.transform.dense.weight     | UNEXPECTED | 
cls.predictions.transform.dense.bias       | UNEXPECTED | 
cls.predictions.transform.LayerNorm.weight | UNEXPECTED | 
cls.seq_relationship.weight                | UNEXPECTED | 
cls.seq_relationship.bias                  | UNEXPECTED | 
classifier.weight                          | MISSING    | 
classifier.bias                            | MISSING    | 

Notes:
- UNEXPECTED:	can be ignored when loading from different task/architecture; not ok if you expect identical arch.
- MISSING:	those params were newly initialized because missing from the checkpoint. Consider training on your downstream task.
2026-09-25 22:34:58 KST | stage0 yelp_polarity: eval=0.9407 hold=0.9540 a=True b=None c=True (diff 3.8e-06) valid=True []
2026-09-25 22:34:58 KST | stage0 done: 14 valid ['cola', 'sst2', 'mrpc', 'stsb', 'mnli', 'qnli', 'rte', 'wic', 'snli', 'scitail', 'ag_news', 'imdb', 'trec', 'yelp_polarity']; excluded {'qqp': ['(a) 0.6240 < 0.7240', '(b) accuracy 0.6240 < 0.8571'], 'boolq': ['(a) 0.6217 < 0.7217']}; pass=True
2026-09-25 22:34:58 KST | === e1b.py ['e1b.py', '--stage', 'stage1']
2026-09-25 22:36:01 KST | stage1 done; frozen predictors.sha256:
1b29c3bc68c3a7776cc7f15bdfe7ea64d8e21facf95efaa712a865e1adc8c2e0  predictors.csv
4b3eedf2e218ec58bc343c367bd94cbcf333ba8063030a295ca82ba443126086  predictors_layers.csv
9d7625af0750947ceaba988bedaec9e25182f98ac1b4e89392502d4aa7a2ce9f  predictors_null.json
b087f7e799be907f113db965fdfb903acc75b39bc8d8704644802c92d69b0789  predictors_aux.json

2026-09-25 22:36:01 KST | === e1b.py ['e1b.py', '--stage', 'stage2']
[transformers] [1mBertModel LOAD REPORT[0m from: bert-base-uncased
Key                                        | Status     |  | 
-------------------------------------------+------------+--+-
cls.predictions.transform.LayerNorm.weight | UNEXPECTED |  | 
cls.predictions.bias                       | UNEXPECTED |  | 
cls.predictions.transform.dense.weight     | UNEXPECTED |  | 
cls.predictions.transform.dense.bias       | UNEXPECTED |  | 
cls.seq_relationship.bias                  | UNEXPECTED |  | 
cls.predictions.transform.LayerNorm.bias   | UNEXPECTED |  | 
cls.seq_relationship.weight                | UNEXPECTED |  | 

Notes:
- UNEXPECTED:	can be ignored when loading from different task/architecture; not ok if you expect identical arch.
2026-09-25 22:36:10 KST | stage2 cola-sst2: lam*=0.7 D=0.0630 TIES(atTA/own)=0.8975/0.9206 GATE(0 layers)=0.9370 [6s]
2026-09-25 22:36:19 KST | stage2 cola-mrpc: lam*=0.7 D=0.0390 TIES(atTA/own)=0.8970/0.9248 GATE(0 layers)=0.9610 [9s]
2026-09-25 22:36:28 KST | stage2 cola-stsb: lam*=0.7 D=0.0284 TIES(atTA/own)=0.9638/0.9596 GATE(0 layers)=0.9716 [9s]
2026-09-25 22:36:58 KST | stage2 cola-mnli: lam*=0.7 D=0.0968 TIES(atTA/own)=0.7764/0.8769 GATE(0 layers)=0.9032 [30s]
2026-09-25 22:37:23 KST | stage2 cola-qnli: lam*=0.7 D=0.0476 TIES(atTA/own)=0.8666/0.9284 GATE(0 layers)=0.9524 [25s]
2026-09-25 22:37:33 KST | stage2 cola-rte: lam*=0.7 D=0.0340 TIES(atTA/own)=0.9113/0.9455 GATE(0 layers)=0.9660 [11s]
2026-09-25 22:37:39 KST | stage2 cola-wic: lam*=0.7 D=0.0382 TIES(atTA/own)=0.9335/0.9371 GATE(0 layers)=0.9618 [6s]
2026-09-25 22:38:01 KST | stage2 cola-snli: lam*=0.7 D=0.0541 TIES(atTA/own)=0.8507/0.9204 GATE(0 layers)=0.9459 [21s]
2026-09-25 22:38:10 KST | stage2 cola-scitail: lam*=1.0 D=0.0342 TIES(atTA/own)=0.9013/0.9013 GATE(0 layers)=0.9658 [10s]
2026-09-25 22:38:42 KST | stage2 cola-ag_news: lam*=0.7 D=0.0535 TIES(atTA/own)=0.9135/0.9414 GATE(0 layers)=0.9465 [32s]
2026-09-25 22:40:28 KST | stage2 cola-imdb: lam*=1.0 D=0.0799 TIES(atTA/own)=0.9102/0.9102 GATE(0 layers)=0.9201 [106s]
2026-09-25 22:40:35 KST | stage2 cola-trec: lam*=0.7 D=0.0362 TIES(atTA/own)=0.9379/0.9613 GATE(0 layers)=0.9638 [7s]
2026-09-25 22:42:15 KST | stage2 cola-yelp_polarity: lam*=0.7 D=0.0646 TIES(atTA/own)=0.9278/0.9247 GATE(0 layers)=0.9354 [100s]
2026-09-25 22:42:26 KST | stage2 sst2-mrpc: lam*=0.7 D=0.0147 TIES(atTA/own)=0.9175/0.9595 GATE(0 layers)=0.9853 [11s]
2026-09-25 22:42:36 KST | stage2 sst2-stsb: lam*=0.5 D=0.0241 TIES(atTA/own)=0.9626/0.9609 GATE(0 layers)=0.9759 [10s]
2026-09-25 22:43:10 KST | stage2 sst2-mnli: lam*=0.7 D=0.0624 TIES(atTA/own)=0.8760/0.9213 GATE(0 layers)=0.9376 [33s]
2026-09-25 22:43:41 KST | stage2 sst2-qnli: lam*=0.5 D=0.0295 TIES(atTA/own)=0.8683/0.9462 GATE(0 layers)=0.9705 [32s]
2026-09-25 22:44:00 KST | stage2 sst2-rte: lam*=0.7 D=0.0715 TIES(atTA/own)=0.9185/0.9023 GATE(0 layers)=0.9285 [18s]
2026-09-25 22:44:09 KST | stage2 sst2-wic: lam*=0.5 D=0.0435 TIES(atTA/own)=0.9292/0.9366 GATE(0 layers)=0.9565 [10s]
2026-09-25 22:44:43 KST | stage2 sst2-snli: lam*=0.7 D=0.0445 TIES(atTA/own)=0.8955/0.9076 GATE(0 layers)=0.9555 [34s]
2026-09-25 22:45:01 KST | stage2 sst2-scitail: lam*=0.7 D=0.0352 TIES(atTA/own)=0.8814/0.9659 GATE(0 layers)=0.9648 [18s]
2026-09-25 22:45:50 KST | stage2 sst2-ag_news: lam*=0.7 D=0.0241 TIES(atTA/own)=0.9382/0.9541 GATE(0 layers)=0.9759 [49s]
2026-09-25 22:47:45 KST | stage2 sst2-imdb: lam*=0.7 D=0.0142 TIES(atTA/own)=0.9853/0.9855 GATE(0 layers)=0.9858 [115s]
2026-09-25 22:47:54 KST | stage2 sst2-trec: lam*=0.7 D=0.0150 TIES(atTA/own)=0.9270/0.9597 GATE(0 layers)=0.9850 [9s]
2026-09-25 22:49:38 KST | stage2 sst2-yelp_polarity: lam*=0.5 D=0.0094 TIES(atTA/own)=0.9686/0.9812 GATE(0 layers)=0.9906 [104s]
2026-09-25 22:49:59 KST | stage2 mrpc-stsb: lam*=0.7 D=0.0403 TIES(atTA/own)=0.9159/0.9324 GATE(0 layers)=0.9597 [21s]
2026-09-25 22:50:50 KST | stage2 mrpc-mnli: lam*=0.5 D=0.0652 TIES(atTA/own)=0.7365/0.9148 GATE(0 layers)=0.9348 [51s]
2026-09-25 22:51:41 KST | stage2 mrpc-qnli: lam*=0.7 D=0.0588 TIES(atTA/own)=0.9197/0.9455 GATE(0 layers)=0.9412 [50s]
2026-09-25 22:52:05 KST | stage2 mrpc-rte: lam*=0.5 D=0.0781 TIES(atTA/own)=0.9081/0.9020 GATE(0 layers)=0.9219 [24s]
2026-09-25 22:52:20 KST | stage2 mrpc-wic: lam*=1.0 D=0.0862 TIES(atTA/own)=0.9109/0.9109 GATE(0 layers)=0.9138 [15s]
2026-09-25 22:53:03 KST | stage2 mrpc-snli: lam*=0.5 D=0.0760 TIES(atTA/own)=0.7594/0.9240 GATE(0 layers)=0.9240 [43s]
2026-09-25 22:53:27 KST | stage2 mrpc-scitail: lam*=0.7 D=0.0325 TIES(atTA/own)=0.8949/0.9638 GATE(0 layers)=0.9675 [24s]
2026-09-25 22:54:32 KST | stage2 mrpc-ag_news: lam*=0.7 D=0.0806 TIES(atTA/own)=0.8753/0.8910 GATE(0 layers)=0.9194 [65s]
2026-09-25 22:57:21 KST | stage2 mrpc-imdb: lam*=0.7 D=0.0480 TIES(atTA/own)=0.9110/0.9480 GATE(0 layers)=0.9520 [169s]
2026-09-25 22:57:36 KST | stage2 mrpc-trec: lam*=1.0 D=-0.0006 TIES(atTA/own)=0.9514/0.9514 GATE(0 layers)=1.0006 [15s]
2026-09-25 22:59:42 KST | stage2 mrpc-yelp_polarity: lam*=0.7 D=0.0306 TIES(atTA/own)=0.9048/0.9543 GATE(0 layers)=0.9694 [126s]
2026-09-25 23:00:44 KST | stage2 stsb-mnli: lam*=0.7 D=0.0757 TIES(atTA/own)=0.8537/0.9185 GATE(0 layers)=0.9243 [62s]
2026-09-25 23:01:35 KST | stage2 stsb-qnli: lam*=0.7 D=0.0423 TIES(atTA/own)=0.9138/0.9476 GATE(0 layers)=0.9577 [51s]
2026-09-25 23:02:02 KST | stage2 stsb-rte: lam*=1.0 D=0.0229 TIES(atTA/own)=0.9599/0.9599 GATE(0 layers)=0.9771 [27s]
2026-09-25 23:02:20 KST | stage2 stsb-wic: lam*=0.7 D=0.0161 TIES(atTA/own)=0.9642/0.9796 GATE(0 layers)=0.9839 [18s]
2026-09-25 23:03:08 KST | stage2 stsb-snli: lam*=0.7 D=0.0714 TIES(atTA/own)=0.9056/0.9322 GATE(0 layers)=0.9286 [48s]
2026-09-25 23:03:35 KST | stage2 stsb-scitail: lam*=0.7 D=0.0135 TIES(atTA/own)=0.9120/0.9783 GATE(0 layers)=0.9865 [27s]
2026-09-25 23:04:33 KST | stage2 stsb-ag_news: lam*=0.5 D=0.0308 TIES(atTA/own)=0.9045/0.9525 GATE(0 layers)=0.9692 [58s]
2026-09-25 23:07:10 KST | stage2 stsb-imdb: lam*=0.7 D=0.0032 TIES(atTA/own)=0.9807/0.9897 GATE(0 layers)=0.9968 [157s]
2026-09-25 23:07:26 KST | stage2 stsb-trec: lam*=0.7 D=0.0662 TIES(atTA/own)=0.8976/0.9091 GATE(0 layers)=0.9338 [16s]
2026-09-25 23:09:31 KST | stage2 stsb-yelp_polarity: lam*=0.5 D=0.0205 TIES(atTA/own)=0.9436/0.9645 GATE(0 layers)=0.9795 [126s]
2026-09-25 23:10:57 KST | stage2 mnli-qnli: lam*=0.5 D=0.1893 TIES(atTA/own)=0.7536/0.8107 GATE(0 layers)=0.8107 [86s]
2026-09-25 23:12:00 KST | stage2 mnli-rte: lam*=0.7 D=-0.0420 TIES(atTA/own)=0.8988/1.0075 GATE(0 layers)=1.0420 [62s]
2026-09-25 23:12:50 KST | stage2 mnli-wic: lam*=0.7 D=0.1033 TIES(atTA/own)=0.7766/0.8749 GATE(0 layers)=0.8967 [50s]
2026-09-25 23:14:11 KST | stage2 mnli-snli: lam*=0.5 D=0.0499 TIES(atTA/own)=0.7506/0.9315 GATE(0 layers)=0.9501 [81s]
2026-09-25 23:15:10 KST | stage2 mnli-scitail: lam*=0.5 D=0.0961 TIES(atTA/own)=0.7169/0.8851 GATE(0 layers)=0.9039 [60s]
2026-09-25 23:16:42 KST | stage2 mnli-ag_news: lam*=0.7 D=0.0725 TIES(atTA/own)=0.7239/0.7979 GATE(0 layers)=0.9275 [91s]
2026-09-25 23:20:13 KST | stage2 mnli-imdb: lam*=0.7 D=0.0477 TIES(atTA/own)=0.8155/0.9146 GATE(0 layers)=0.9523 [211s]
2026-09-25 23:21:08 KST | stage2 mnli-trec: lam*=0.7 D=0.1381 TIES(atTA/own)=0.4890/0.6262 GATE(0 layers)=0.8619 [54s]
2026-09-25 23:23:52 KST | stage2 mnli-yelp_polarity: lam*=0.7 D=0.0611 TIES(atTA/own)=0.8538/0.9210 GATE(0 layers)=0.9389 [164s]
2026-09-25 23:24:45 KST | stage2 qnli-rte: lam*=0.5 D=0.0541 TIES(atTA/own)=0.9102/0.9554 GATE(0 layers)=0.9459 [54s]
2026-09-25 23:25:32 KST | stage2 qnli-wic: lam*=0.7 D=0.0788 TIES(atTA/own)=0.8739/0.9051 GATE(0 layers)=0.9212 [47s]
2026-09-25 23:26:50 KST | stage2 qnli-snli: lam*=0.5 D=0.0680 TIES(atTA/own)=0.7477/0.9155 GATE(0 layers)=0.9320 [78s]
2026-09-25 23:27:39 KST | stage2 qnli-scitail: lam*=0.5 D=0.0431 TIES(atTA/own)=0.8513/0.9382 GATE(0 layers)=0.9569 [48s]
2026-09-25 23:29:06 KST | stage2 qnli-ag_news: lam*=0.7 D=0.0664 TIES(atTA/own)=0.8432/0.8968 GATE(0 layers)=0.9336 [87s]
2026-09-25 23:32:09 KST | stage2 qnli-imdb: lam*=0.7 D=0.0186 TIES(atTA/own)=0.9042/0.9609 GATE(0 layers)=0.9814 [184s]
2026-09-25 23:32:52 KST | stage2 qnli-trec: lam*=0.7 D=0.0696 TIES(atTA/own)=0.8518/0.8992 GATE(0 layers)=0.9304 [43s]
2026-09-25 23:35:29 KST | stage2 qnli-yelp_polarity: lam*=0.5 D=0.0486 TIES(atTA/own)=0.8627/0.9545 GATE(0 layers)=0.9514 [156s]
2026-09-25 23:35:47 KST | stage2 rte-wic: lam*=0.7 D=0.0557 TIES(atTA/own)=0.9207/0.9398 GATE(0 layers)=0.9443 [18s]
2026-09-25 23:36:35 KST | stage2 rte-snli: lam*=0.5 D=0.0116 TIES(atTA/own)=0.7870/1.0119 GATE(0 layers)=0.9884 [48s]
2026-09-25 23:37:00 KST | stage2 rte-scitail: lam*=0.7 D=0.0053 TIES(atTA/own)=0.9425/0.9977 GATE(0 layers)=0.9947 [25s]
2026-09-25 23:38:03 KST | stage2 rte-ag_news: lam*=1.0 D=0.0863 TIES(atTA/own)=0.9183/0.9183 GATE(0 layers)=0.9137 [63s]
2026-09-25 23:40:58 KST | stage2 rte-imdb: lam*=0.7 D=0.0205 TIES(atTA/own)=0.9383/0.9710 GATE(0 layers)=0.9795 [175s]
2026-09-25 23:41:18 KST | stage2 rte-trec: lam*=0.7 D=0.0485 TIES(atTA/own)=0.9352/0.9607 GATE(0 layers)=0.9515 [20s]
2026-09-25 23:43:29 KST | stage2 rte-yelp_polarity: lam*=0.5 D=0.0640 TIES(atTA/own)=0.8995/0.9191 GATE(0 layers)=0.9360 [131s]
2026-09-25 23:44:11 KST | stage2 wic-snli: lam*=0.7 D=0.0718 TIES(atTA/own)=0.8205/0.9192 GATE(0 layers)=0.9282 [42s]
2026-09-25 23:44:32 KST | stage2 wic-scitail: lam*=1.0 D=0.1388 TIES(atTA/own)=0.8906/0.8906 GATE(0 layers)=0.8612 [21s]
2026-09-25 23:45:31 KST | stage2 wic-ag_news: lam*=0.7 D=0.0120 TIES(atTA/own)=0.9407/0.9503 GATE(0 layers)=0.9880 [59s]
2026-09-25 23:48:16 KST | stage2 wic-imdb: lam*=0.7 D=0.0428 TIES(atTA/own)=0.9331/0.9585 GATE(0 layers)=0.9572 [165s]
2026-09-25 23:48:26 KST | stage2 wic-trec: lam*=0.7 D=0.0334 TIES(atTA/own)=0.9274/0.9557 GATE(0 layers)=0.9666 [10s]
2026-09-25 23:50:29 KST | stage2 wic-yelp_polarity: lam*=0.5 D=0.0468 TIES(atTA/own)=0.9128/0.9347 GATE(0 layers)=0.9532 [123s]
2026-09-25 23:51:18 KST | stage2 snli-scitail: lam*=0.5 D=0.0518 TIES(atTA/own)=0.6999/0.9376 GATE(0 layers)=0.9482 [49s]
2026-09-25 23:52:51 KST | stage2 snli-ag_news: lam*=0.7 D=0.0408 TIES(atTA/own)=0.8305/0.9144 GATE(0 layers)=0.9592 [93s]
2026-09-25 23:55:48 KST | stage2 snli-imdb: lam*=0.7 D=0.0215 TIES(atTA/own)=0.8817/0.9666 GATE(0 layers)=0.9785 [178s]
2026-09-25 23:56:31 KST | stage2 snli-trec: lam*=0.7 D=0.0201 TIES(atTA/own)=0.8443/0.9541 GATE(0 layers)=0.9799 [43s]
2026-09-25 23:59:04 KST | stage2 snli-yelp_polarity: lam*=0.5 D=0.0916 TIES(atTA/own)=0.7608/0.8860 GATE(0 layers)=0.9084 [153s]
2026-09-26 00:00:09 KST | stage2 scitail-ag_news: lam*=0.7 D=0.0646 TIES(atTA/own)=0.8185/0.8984 GATE(0 layers)=0.9354 [65s]
2026-09-26 00:02:40 KST | stage2 scitail-imdb: lam*=1.0 D=0.0249 TIES(atTA/own)=0.9449/0.9449 GATE(0 layers)=0.9751 [151s]
2026-09-26 00:02:59 KST | stage2 scitail-trec: lam*=1.0 D=0.0284 TIES(atTA/own)=0.9411/0.9411 GATE(0 layers)=0.9716 [18s]
2026-09-26 00:05:19 KST | stage2 scitail-yelp_polarity: lam*=0.7 D=0.0331 TIES(atTA/own)=0.8757/0.9604 GATE(0 layers)=0.9669 [140s]
2026-09-26 00:08:40 KST | stage2 ag_news-imdb: lam*=0.7 D=0.0328 TIES(atTA/own)=0.9176/0.9400 GATE(0 layers)=0.9672 [201s]
2026-09-26 00:09:33 KST | stage2 ag_news-trec: lam*=0.7 D=0.0372 TIES(atTA/own)=0.8797/0.9268 GATE(0 layers)=0.9628 [53s]
2026-09-26 00:12:38 KST | stage2 ag_news-yelp_polarity: lam*=0.7 D=0.0460 TIES(atTA/own)=0.9123/0.9349 GATE(0 layers)=0.9540 [185s]
2026-09-26 00:15:14 KST | stage2 imdb-trec: lam*=0.7 D=0.0430 TIES(atTA/own)=0.9054/0.9358 GATE(0 layers)=0.9570 [156s]
2026-09-26 00:19:49 KST | stage2 imdb-yelp_polarity: lam*=0.5 D=0.0053 TIES(atTA/own)=0.9734/0.9926 GATE(0 layers)=0.9947 [275s]
2026-09-26 00:22:03 KST | stage2 trec-yelp_polarity: lam*=0.7 D=0.0122 TIES(atTA/own)=0.9412/0.9716 GATE(0 layers)=0.9878 [134s]
2026-09-26 00:22:03 KST | stage2 done: 91 pairs (expected 91)
2026-09-26 00:22:04 KST | === e1b.py ['e1b.py', '--stage', 'stage3']
/home/sanghoon/miniconda3/envs/torch/lib/python3.11/site-packages/numpy/lib/_nanfunctions_impl.py:1396: RuntimeWarning: All-NaN slice encountered
  return _nanquantile_unchecked(
2026-09-26 00:22:18 KST | stage3 O_A: rho=-0.1935 p1=0.9292 ci=[-0.5213717233845713, 0.2028377610456029]
2026-09-26 00:22:18 KST | stage3 tv_cosine: rho=-0.0441 p1=0.6344 ci=[-0.4254884110513428, 0.31597876088871474]
2026-09-26 00:22:18 KST | stage3 O_B: rho=-0.1935 p1=0.9292 ci=[-0.5213717233845713, 0.2028377610456029]
2026-09-26 00:22:18 KST | stage3 mean_theta_min_A_deg: rho=0.1401 p1=0.1334 ci=[-0.23607758562390266, 0.48324334930406815]
2026-09-26 00:22:18 KST | stage3 min_theta_min_A_deg: rho=0.1356 p1=0.0999 ci=[-0.18935760333632332, 0.4678100488245801]
2026-09-26 00:22:18 KST | stage3 n_layers_theta_min_lt30_A: rho=nan p1=0.0001 ci=[nan, nan]
2026-09-26 00:22:18 KST | stage3 sign_conflict_top20: rho=0.0478 p1=0.3558 ci=[-0.3070609674479735, 0.41031201296048636]
2026-09-26 00:22:18 KST | stage3 norm_ratio: rho=0.1113 p1=0.1771 ci=[-0.2810879416652762, 0.44134387105593725]
2026-09-26 00:22:18 KST | stage3 null_z_O_A: rho=-0.1935 p1=0.9292 ci=[-0.5213717233845713, 0.2028377610456029]
2026-09-26 00:22:18 KST | stage3 sign_conflict_all: rho=0.0615 p1=0.3150 ci=[-0.31630113266160953, 0.41819971781750787]
2026-09-26 00:22:18 KST | stage3 H1 (O_A): FAIL rho=-0.1935 holm_p=1.0000 ci=[-0.5213717233845713, 0.2028377610456029] loto=0.00
2026-09-26 00:22:18 KST | stage3 H2 (tv_cosine): INCONCLUSIVE rho=-0.0441 holm_p=1.0000 ci=[-0.4254884110513428, 0.31597876088871474] loto=0.00
2026-09-26 00:22:19 KST | stage3 done: [('H1', 'FAIL'), ('H2', 'INCONCLUSIVE')]
2026-09-26 00:26:13 KST | === e1b.py ['e1b.py', '--stage', 'stage3']
2026-09-26 00:26:28 KST | stage3 O_A: rho=-0.1935 p1=0.9292 ci=[-0.5213717233845713, 0.2028377610456029]
2026-09-26 00:26:28 KST | stage3 tv_cosine: rho=-0.0441 p1=0.6344 ci=[-0.4254884110513428, 0.31597876088871474]
2026-09-26 00:26:28 KST | stage3 O_B: rho=-0.1935 p1=0.9292 ci=[-0.5213717233845713, 0.2028377610456029]
2026-09-26 00:26:28 KST | stage3 mean_theta_min_A_deg: rho=0.1401 p1=0.1334 ci=[-0.23607758562390266, 0.48324334930406815]
2026-09-26 00:26:28 KST | stage3 min_theta_min_A_deg: rho=0.1356 p1=0.0999 ci=[-0.18935760333632332, 0.4678100488245801]
2026-09-26 00:26:28 KST | stage3 n_layers_theta_min_lt30_A: rho=nan p1=nan ci=[nan, nan]
2026-09-26 00:26:28 KST | stage3 sign_conflict_top20: rho=0.0478 p1=0.3558 ci=[-0.3070609674479735, 0.41031201296048636]
2026-09-26 00:26:28 KST | stage3 norm_ratio: rho=0.1113 p1=0.1771 ci=[-0.2810879416652762, 0.44134387105593725]
2026-09-26 00:26:28 KST | stage3 null_z_O_A: rho=-0.1935 p1=0.9292 ci=[-0.5213717233845713, 0.2028377610456029]
2026-09-26 00:26:28 KST | stage3 sign_conflict_all: rho=0.0615 p1=0.3150 ci=[-0.31630113266160953, 0.41819971781750787]
2026-09-26 00:26:28 KST | stage3 H1 (O_A): FAIL rho=-0.1935 holm_p=1.0000 ci=[-0.5213717233845713, 0.2028377610456029] loto=0.00
2026-09-26 00:26:28 KST | stage3 H2 (tv_cosine): INCONCLUSIVE rho=-0.0441 holm_p=1.0000 ci=[-0.4254884110513428, 0.31597876088871474] loto=0.00
2026-09-26 00:26:29 KST | stage3 done: [('H1', 'FAIL'), ('H2', 'INCONCLUSIVE')]
[transformers] [1mBertModel LOAD REPORT[0m from: bert-base-uncased
Key                                        | Status     |  | 
-------------------------------------------+------------+--+-
cls.seq_relationship.weight                | UNEXPECTED |  | 
cls.predictions.transform.dense.weight     | UNEXPECTED |  | 
cls.predictions.transform.dense.bias       | UNEXPECTED |  | 
cls.predictions.transform.LayerNorm.weight | UNEXPECTED |  | 
cls.seq_relationship.bias                  | UNEXPECTED |  | 
cls.predictions.bias                       | UNEXPECTED |  | 
cls.predictions.transform.LayerNorm.bias   | UNEXPECTED |  | 

Notes:
- UNEXPECTED:	can be ignored when loading from different task/architecture; not ok if you expect identical arch.
2026-09-26 00:26:39 KST | EXPLORATORY cap60k mnli: eval=0.7922 a_ok=True b_ok=True (full-data D1 adapter: 0.8237)
2026-09-26 00:26:44 KST | EXPLORATORY cap60k qqp: eval=0.8551 a_ok=True b_ok=False (full-data D1 adapter: 0.6240)
